Rebuild target 'Target 1'
compiling main.c...
compiling stm32f4xx_it.c...
assembling startup_stm32f40_41xxx.s...
compiling stm32f4xx_gpio.c...
compiling stm32f4xx_rcc.c...
compiling stm32f4xx_syscfg.c...
compiling misc.c...
compiling stm32f4xx_exti.c...
compiling stm32f4xx_tim.c...
compiling system_stm32f4xx.c...
compiling system.c...
compiling SysTick.c...
compiling led.c...
compiling pwm.c...
APP\pwm\pwm.c(81): warning:  #177-D: variable "ccr" was declared but never referenced
     int ccr;
APP\pwm\pwm.c: 1 warning, 0 errors
compiling key.c...
compiling exti.c...
compiling beep.c...
linking...
.\Obj\Template.axf: Error: L6218E: Undefined symbol Servo_SetAngle (referred from exti.o).
Not enough information to list image symbols.
Finished: 1 information, 0 warning and 1 error messages.
".\Obj\Template.axf" - 1 Error(s), 1 Warning(s).
Target not created.
