<html>
<body>
<pre>
<h1>礦ision Build Log</h1>
<h2>Tool Versions:</h2>
IDE-Version: μVision V5.28.0.0
Copyright (C) 2019 ARM Ltd and ARM Germany GmbH. All rights reserved.
License Information: 1 lenovo, 1, LIC=HN0AE-5ERPC-2ZJW4-FVUMF-HAENV-XXD1A
 
Tool Versions:
Toolchain:       MDK-ARM Plus  Version: 5.28.0.0
Toolchain Path:  D:\keil5\ARM\ARMCC\Bin
C Compiler:      Armcc.exe V5.06 update 6 (build 750)
Assembler:       Armasm.exe V5.06 update 6 (build 750)
Linker/Locator:  ArmLink.exe V5.06 update 6 (build 750)
Library Manager: ArmAr.exe V5.06 update 6 (build 750)
Hex Converter:   FromElf.exe V5.06 update 6 (build 750)
CPU DLL:         SARMCM3.DLL V5.28.0.0
Dialog DLL:      DARMSTM.DLL V1.68.0.0
Target DLL:      Segger\JL2CM3.dll V2.99.36.0
Dialog DLL:      TARMSTM.DLL V1.66.0.0
 
<h2>Project:</h2>
E:\毕业设计\毕业设计1.5.1(gps功能可用，WiFi功能可用+云端信息下发 +压力传感器 +温湿度\USER\main.uvprojx
Project File Date:  05/04/2025

<h2>Output:</h2>
*** Using Compiler 'V5.06 update 6 (build 750)', folder: 'D:\keil5\ARM\ARMCC\Bin'
Build target 'Target 1'
compiling main.c...
..\MyCode\led\beep.h(11): warning:  #1-D: last line of file ends without a newline
  #endif
main.c(94): warning:  #167-D: argument of type "uint8_t *" is incompatible with parameter of type "const char *"
  			if (strcmp(Wstr, "+MQTTSUBRECV:0,\"attributes/push\",20,{\"alarm_state\":true}\r\n") == 0)//防盗模式开启
main.c(98): warning:  #167-D: argument of type "uint8_t *" is incompatible with parameter of type "const char *"
  			if (strcmp(Wstr, "+MQTTSUBRECV:0,\"attributes/push\",21,{\"alarm_state\":false}\r\n") == 0)//正常模式开启
main.c(104): warning:  #167-D: argument of type "uint8_t *" is incompatible with parameter of type "const char *"
  			if (strcmp(Wstr, "+MQTTSUBRECV:0,\"attributes/push\",14,{\"relay3\":\"1\"}\r\n") == 0)//查看定位
main.c(109): warning:  #167-D: argument of type "uint8_t *" is incompatible with parameter of type "const char *"
  			if (strcmp(Wstr, "+MQTTSUBRECV:0,\"attributes/push\",14,{\"relay3\":\"2\"}\r\n") == 0)//查看温湿度
main.c: 5 warnings, 0 errors
linking...
Program Size: Code=25396 RO-data=8792 RW-data=88 ZI-data=3208  
FromELF: creating hex file...
"..\OBJ\main.axf" - 0 Error(s), 5 Warning(s).

<h2>Software Packages used:</h2>

Package Vendor: ARM
                http://www.keil.com/pack/ARM.CMSIS.5.5.1.pack
                ARM.CMSIS.5.5.1
                CMSIS (Cortex Microcontroller Software Interface Standard)
   * Component: CORE Version: 5.2.0

Package Vendor: Keil
                http://www.keil.com/pack/Keil.STM32F1xx_DFP.2.2.0.pack
                Keil.STM32F1xx_DFP.2.2.0
                STMicroelectronics STM32F1 Series Device Support, Drivers and Examples

<h2>Collection of Component include folders:</h2>
  .\RTE\_Target_1
  D:\keil5\ARM\CMSIS\5.5.1\CMSIS\Core\Include
  D:\keil5\Keil\STM32F1xx_DFP\2.2.0\Device\Include

<h2>Collection of Component Files used:</h2>

   * Component: ARM::CMSIS:CORE:5.2.0
Build Time Elapsed:  00:00:01
</pre>
</body>
</html>
