Component: ARM Compiler 5.06 update 6 (build 750) Tool: armlink [4d35ed]

==============================================================================

Section Cross References

    main.o(.text) refers to _printf_percent.o(.ARM.Collect$$_printf_percent$$00000000) for _printf_percent
    main.o(.text) refers to _printf_d.o(.ARM.Collect$$_printf_percent$$00000009) for _printf_d
    main.o(.text) refers to _printf_dec.o(.text) for _printf_int_dec
    main.o(.text) refers to scanf1.o(x$fpl$scanf1) for _scanf_real
    main.o(.text) refers to __2printf.o(.text) for __2printf
    main.o(.text) refers to strstr.o(.text) for strstr
    main.o(.text) refers to rt_memcpy_v6.o(.text) for __aeabi_memcpy
    main.o(.text) refers to delay.o(.text) for delay_init
    main.o(.text) refers to sys.o(.text) for NVIC_Configuration
    main.o(.text) refers to usart.o(.text) for uart_init
    main.o(.text) refers to led.o(.text) for Init_LEDpin
    main.o(.text) refers to usart2.o(.text) for Serial_Init
    main.o(.text) refers to beep.o(.text) for beep_init
    main.o(.text) refers to oled.o(.text) for OLED_Init
    main.o(.text) refers to fsr402.o(.text) for FSR402_Init
    main.o(.text) refers to key.o(.text) for Key_Init
    main.o(.text) refers to dht11.o(.text) for DHT11_Init
    main.o(.text) refers to __0sscanf.o(.text) for __0sscanf
    main.o(.text) refers to ffix.o(x$fpl$ffix) for __aeabi_f2iz
    main.o(.text) refers to fflt_clz.o(x$fpl$fflt) for __aeabi_i2f
    main.o(.text) refers to faddsub_clz.o(x$fpl$frsb) for __aeabi_frsub
    main.o(.text) refers to f2d.o(x$fpl$f2d) for __aeabi_f2d
    main.o(.text) refers to dmul.o(x$fpl$dmul) for __aeabi_dmul
    main.o(.text) refers to dfix.o(x$fpl$dfix) for __aeabi_d2iz
    main.o(.text) refers to strcmpv7m.o(.text) for strcmp
    main.o(.text) refers to rt_memclr.o(.text) for __aeabi_memclr
    main.o(.text) refers to usart.o(.bss) for Save_Data
    main.o(.text) refers to main.o(.data) for lat
    main.o(.text) refers to main.o(.bss) for Wstr
    main.o(.text) refers to main.o(.conststring) for .conststring
    main.o(.text) refers to printf.o(.text) for printf
    system_stm32f10x.o(.text) refers to system_stm32f10x.o(.data) for SystemCoreClock
    led.o(.text) refers to stm32f10x_rcc.o(.text) for RCC_APB2PeriphClockCmd
    led.o(.text) refers to stm32f10x_gpio.o(.text) for GPIO_Init
    usart2.o(.text) refers to stm32f10x_rcc.o(.text) for RCC_APB2PeriphClockCmd
    usart2.o(.text) refers to stm32f10x_gpio.o(.text) for GPIO_Init
    usart2.o(.text) refers to stm32f10x_usart.o(.text) for USART_Init
    usart2.o(.text) refers to vsprintf.o(.text) for vsprintf
    usart2.o(.text) refers to main.o(.bss) for Wstr
    usart2.o(.text) refers to main.o(.data) for Wi
    key.o(.text) refers to stm32f10x_rcc.o(.text) for RCC_APB2PeriphClockCmd
    key.o(.text) refers to stm32f10x_gpio.o(.text) for GPIO_Init
    key.o(.text) refers to delay.o(.text) for delay_ms
    beep.o(.text) refers to stm32f10x_rcc.o(.text) for RCC_APB2PeriphClockCmd
    beep.o(.text) refers to stm32f10x_gpio.o(.text) for GPIO_Init
    beep.o(.text) refers to delay.o(.text) for delay_ms
    fsr402.o(.text) refers to stm32f10x_rcc.o(.text) for RCC_APB2PeriphClockCmd
    fsr402.o(.text) refers to stm32f10x_gpio.o(.text) for GPIO_Init
    fsr402.o(.text) refers to adcx.o(.text) for ADCx_Init
    fsr402.o(.text) refers to delay.o(.text) for delay_ms
    oled.o(.text) refers to stm32f10x_gpio.o(.text) for GPIO_ResetBits
    oled.o(.text) refers to oled.o(.bss) for OLED_GRAM
    oled.o(.text) refers to oled.o(.constdata) for asc2_0806
    oled.o(.text) refers to stm32f10x_rcc.o(.text) for RCC_APB2PeriphClockCmd
    oled.o(.text) refers to delay.o(.text) for delay_ms
    dht11.o(.text) refers to delay.o(.text) for delay_ms
    dht11.o(.text) refers to stm32f10x_rcc.o(.text) for RCC_APB2PeriphClockCmd
    dht11.o(.text) refers to stm32f10x_gpio.o(.text) for GPIO_Init
    startup_stm32f10x_md.o(STACK) refers (Special) to heapauxi.o(.text) for __use_two_region_memory
    startup_stm32f10x_md.o(HEAP) refers (Special) to heapauxi.o(.text) for __use_two_region_memory
    startup_stm32f10x_md.o(RESET) refers (Special) to heapauxi.o(.text) for __use_two_region_memory
    startup_stm32f10x_md.o(RESET) refers to startup_stm32f10x_md.o(STACK) for __initial_sp
    startup_stm32f10x_md.o(RESET) refers to startup_stm32f10x_md.o(.text) for Reset_Handler
    startup_stm32f10x_md.o(RESET) refers to stm32f10x_it.o(.text) for NMI_Handler
    startup_stm32f10x_md.o(RESET) refers to usart.o(.text) for USART1_IRQHandler
    startup_stm32f10x_md.o(RESET) refers to usart2.o(.text) for USART2_IRQHandler
    startup_stm32f10x_md.o(.text) refers (Special) to heapauxi.o(.text) for __use_two_region_memory
    startup_stm32f10x_md.o(.text) refers to system_stm32f10x.o(.text) for SystemInit
    startup_stm32f10x_md.o(.text) refers to __main.o(!!!main) for __main
[...]

    BuildAttributes$$THM_ISAv4$P$D$K$B$S$PE$A:L22UL41UL21$X:L11$S22US41US21$IEEE1$IW$USESV6$~STKCKD$USESV7$~SHL$OTIME$ROPI$IEEEX$EBA8$UX$STANDARDLIB$REQ8$PRES8$EABIv2 0x00000000   Number         0  anon$$obj.o ABSOLUTE
    __ARM_use_no_argv                        0x00000000   Number         0  main.o ABSOLUTE
    _printf_flags                            0x00000000   Number         0  printf_stubs.o ABSOLUTE
    _printf_return_value                     0x00000000   Number         0  printf_stubs.o ABSOLUTE
    _printf_sizespec                         0x00000000   Number         0  printf_stubs.o ABSOLUTE
    _printf_widthprec                        0x00000000   Number         0  printf_stubs.o ABSOLUTE
    __ARM_exceptions_init                     - Undefined Weak Reference
    __alloca_initialize                       - Undefined Weak Reference
    __arm_preinit_                            - Undefined Weak Reference
    __cpp_initialize__aeabi_                  - Undefined Weak Reference
    __cxa_finalize                            - Undefined Weak Reference
    __sigvec_lookup                           - Undefined Weak Reference
    _atexit_init                              - Undefined Weak Reference
    _call_atexit_fns                          - Undefined Weak Reference
    _clock_init                               - Undefined Weak Reference
    _fp_trap_init                             - Undefined Weak Reference
    _fp_trap_shutdown                         - Undefined Weak Reference
    _get_lc_collate                           - Undefined Weak Reference
    _get_lc_monetary                          - Undefined Weak Reference
    _get_lc_time                              - Undefined Weak Reference
    _getenv_init                              - Undefined Weak Reference
    _handle_redirection                       - Undefined Weak Reference
    _init_alloc                               - Undefined Weak Reference
    _init_user_alloc                          - Undefined Weak Reference
    _initio                                   - Undefined Weak Reference
    _mutex_acquire                            - Undefined Weak Reference
    _mutex_release                            - Undefined Weak Reference
    _printf_mbtowc                            - Undefined Weak Reference
    _printf_wc                                - Undefined Weak Reference
    _rand_init                                - Undefined Weak Reference
    _scanf_int                                - Undefined Weak Reference
    _scanf_longlong                           - Undefined Weak Reference
    _scanf_mbtowc                             - Undefined Weak Reference
    _scanf_string                             - Undefined Weak Reference
    _scanf_wctomb                             - Undefined Weak Reference
    _scanf_wstring                            - Undefined Weak Reference
    _signal_finish                            - Undefined Weak Reference
    _signal_init                              - Undefined Weak Reference
    _terminate_alloc                          - Undefined Weak Reference
    _terminate_user_alloc                     - Undefined Weak Reference
    _terminateio                              - Undefined Weak Reference
    __Vectors_Size                           0x000000ec   Number         0  startup_stm32f10x_md.o ABSOLUTE
    __Vectors                                0x08000000   Data           4  startup_stm32f10x_md.o(RESET)
    __Vectors_End                            0x080000ec   Data           0  startup_stm32f10x_md.o(RESET)
    __main                                   0x080000ed   Thumb Code     8  __main.o(!!!main)
    __scatterload                            0x080000f5   Thumb Code     0  __scatter.o(!!!scatter)
    __scatterload_rt2                        0x080000f5   Thumb Code    44  __scatter.o(!!!scatter)
    __scatterload_rt2_thumb_only             0x080000f5   Thumb Code     0  __scatter.o(!!!scatter)
    __scatterload_null                       0x08000103   Thumb Code     0  __scatter.o(!!!scatter)
    __scatterload_copy                       0x08000129   Thumb Code    26  __scatter_copy.o(!!handler_copy)
    __scatterload_zeroinit                   0x08000145   Thumb Code    28  __scatter_zi.o(!!handler_zi)
    _printf_n                                0x08000161   Thumb Code     0  _printf_n.o(.ARM.Collect$$_printf_percent$$00000001)
    _printf_percent                          0x08000161   Thumb Code     0  _printf_percent.o(.ARM.Collect$$_printf_percent$$00000000)
    _printf_p                                0x08000167   Thumb Code     0  _printf_p.o(.ARM.Collect$$_printf_percent$$00000002)
    _printf_f                                0x0800016d   Thumb Code     0  _printf_f.o(.ARM.Collect$$_printf_percent$$00000003)
    _printf_e                                0x08000173   Thumb Code     0  _printf_e.o(.ARM.Collect$$_printf_percent$$00000004)
    _printf_g                                0x08000179   Thumb Code     0  _printf_g.o(.ARM.Collect$$_printf_percent$$00000005)
    _printf_a                                0x0800017f   Thumb Code     0  _printf_a.o(.ARM.Collect$$_printf_percent$$00000006)
    _printf_ll                               0x08000185   Thumb Code     0  _printf_ll.o(.ARM.Collect$$_printf_percent$$00000007)
    _printf_i                                0x0800018f   Thumb Code     0  _printf_i.o(.ARM.Collect$$_printf_percent$$00000008)
    _printf_d                                0x08000195   Thumb Code     0  _printf_d.o(.ARM.Collect$$_printf_percent$$00000009)
    _printf_u                                0x0800019b   Thumb Code     0  _printf_u.o(.ARM.Collect$$_printf_percent$$0000000A)
    _printf_o                                0x080001a1   Thumb Code     0  _printf_o.o(.ARM.Collect$$_printf_percent$$0000000B)
    _printf_x                                0x080001a7   Thumb Code     0  _printf_x.o(.ARM.Collect$$_printf_percent$$0000000C)
    _printf_lli                              0x080001ad   Thumb Code     0  _printf_lli.o(.ARM.Collect$$_printf_percent$$0000000D)
    _printf_lld                              0x080001b3   Thumb Code     0  _printf_lld.o(.ARM.Collect$$_printf_percent$$0000000E)
    _printf_llu                              0x080001b9   Thumb Code     0  _printf_llu.o(.ARM.Collect$$_printf_percent$$0000000F)
    _printf_llo                              0x080001bf   Thumb Code     0  _printf_llo.o(.ARM.Collect$$_printf_percent$$00000010)
    _printf_llx                              0x080001c5   Thumb Code     0  _printf_llx.o(.ARM.Collect$$_printf_percent$$00000011)
    _printf_l                                0x080001cb   Thumb Code     0  _printf_l.o(.ARM.Collect$$_printf_percent$$00000012)
    _printf_c                                0x080001d5   Thumb Code     0  _printf_c.o(.ARM.Collect$$_printf_percent$$00000013)
    _printf_s                                0x080001db   Thumb Code     0  _printf_s.o(.ARM.Collect$$_printf_percent$$00000014)
    _printf_lc                               0x080001e1   Thumb Code     0  _printf_lc.o(.ARM.Collect$$_printf_percent$$00000015)
    _printf_ls                               0x080001e7   Thumb Code     0  _printf_ls.o(.ARM.Collect$$_printf_percent$$00000016)
    _printf_percent_end                      0x080001ed   Thumb Code     0  _printf_percent_end.o(.ARM.Collect$$_printf_percent$$00000017)
    __rt_lib_init                            0x080001f1   Thumb Code     0  libinit.o(.ARM.Collect$$libinit$$00000000)
    __rt_lib_init_fp_1                       0x080001f3   Thumb Code     0  libinit2.o(.ARM.Collect$$libinit$$00000002)
    __rt_lib_init_heap_1                     0x080001f3   Thumb Code     0  libinit2.o(.ARM.Collect$$libinit$$0000000A)
    __rt_lib_init_lc_common                  0x080001f3   Thumb Code     0  libinit2.o(.ARM.Collect$$libinit$$0000000F)
    __rt_lib_init_preinit_1                  0x080001f3   Thumb Code     0  libinit2.o(.ARM.Collect$$libinit$$00000004)
    __rt_lib_init_rand_1                     0x080001f3   Thumb Code     0  libinit2.o(.ARM.Collect$$libinit$$0000000E)
    __rt_lib_init_user_alloc_1               0x080001f3   Thumb Code     0  libinit2.o(.ARM.Collect$$libinit$$0000000C)
    __rt_lib_init_lc_collate_1               0x080001f9   Thumb Code     0  libinit2.o(.ARM.Collect$$libinit$$00000011)
    __rt_lib_init_lc_ctype_2                 0x080001f9   Thumb Code     0  libinit2.o(.ARM.Collect$$libinit$$00000012)
    __rt_lib_init_lc_ctype_1                 0x08000205   Thumb Code     0  libinit2.o(.ARM.Collect$$libinit$$00000013)
    __rt_lib_init_lc_monetary_1              0x08000205   Thumb Code     0  libinit2.o(.ARM.Collect$$libinit$$00000015)
    __rt_lib_init_lc_numeric_2               0x08000205   Thumb Code     0  libinit2.o(.ARM.Collect$$libinit$$00000016)
    __rt_lib_init_alloca_1                   0x0800020f   Thumb Code     0  libinit2.o(.ARM.Collect$$libinit$$0000002E)
    __rt_lib_init_argv_1                     0x0800020f   Thumb Code     0  libinit2.o(.ARM.Collect$$libinit$$0000002C)
    __rt_lib_init_atexit_1                   0x0800020f   Thumb Code     0  libinit2.o(.ARM.Collect$$libinit$$0000001B)
    __rt_lib_init_clock_1                    0x0800020f   Thumb Code     0  libinit2.o(.ARM.Collect$$libinit$$00000021)
    __rt_lib_init_cpp_1                      0x0800020f   Thumb Code     0  libinit2.o(.ARM.Collect$$libinit$$00000032)
    __rt_lib_init_exceptions_1               0x0800020f   Thumb Code     0  libinit2.o(.ARM.Collect$$libinit$$00000030)
    __rt_lib_init_fp_trap_1                  0x0800020f   Thumb Code     0  libinit2.o(.ARM.Collect$$libinit$$0000001F)
    __rt_lib_init_getenv_1                   0x0800020f   Thumb Code     0  libinit2.o(.ARM.Collect$$libinit$$00000023)
    __rt_lib_init_lc_numeric_1               0x0800020f   Thumb Code     0  libinit2.o(.ARM.Collect$$libinit$$00000017)
    __rt_lib_init_lc_time_1                  0x0800020f   Thumb Code     0  libinit2.o(.ARM.Collect$$libinit$$00000019)
    __rt_lib_init_return                     0x0800020f   Thumb Code     0  libinit2.o(.ARM.Collect$$libinit$$00000033)
    __rt_lib_init_signal_1                   0x0800020f   Thumb Code     0  libinit2.o(.ARM.Collect$$libinit$$0000001D)
    __rt_lib_init_stdio_1                    0x0800020f   Thumb Code     0  libinit2.o(.ARM.Collect$$libinit$$00000025)
    __rt_lib_shutdown                        0x08000211   Thumb Code     0  libshutdown.o(.ARM.Collect$$libshutdown$$00000000)
    __rt_lib_shutdown_cpp_1                  0x08000213   Thumb Code     0  libshutdown2.o(.ARM.Collect$$libshutdown$$00000002)
    __rt_lib_shutdown_fp_trap_1              0x08000213   Thumb Code     0  libshutdown2.o(.ARM.Collect$$libshutdown$$00000007)
    __rt_lib_shutdown_heap_1                 0x08000213   Thumb Code     0  libshutdown2.o(.ARM.Collect$$libshutdown$$0000000F)
    __rt_lib_shutdown_return                 0x08000213   Thumb Code     0  libshutdown2.o(.ARM.Collect$$libshutdown$$00000010)
    __rt_lib_shutdown_signal_1               0x08000213   Thumb Code     0  libshutdown2.o(.ARM.Collect$$libshutdown$$0000000A)
    __rt_lib_shutdown_stdio_1                0x08000213   Thumb Code     0  libshutdown2.o(.ARM.Collect$$libshutdown$$00000004)
    __rt_lib_shutdown_user_alloc_1           0x08000213   Thumb Code     0  libshutdown2.o(.ARM.Collect$$libshutdown$$0000000C)
    __rt_entry                               0x08000215   Thumb Code     0  __rtentry.o(.ARM.Collect$$rtentry$$00000000)
    __rt_entry_presh_1                       0x08000215   Thumb Code     0  __rtentry2.o(.ARM.Collect$$rtentry$$00000002)
    __rt_entry_sh                            0x08000215   Thumb Code     0  __rtentry4.o(.ARM.Collect$$rtentry$$00000004)
    __rt_entry_li                            0x0800021b   Thumb Code     0  __rtentry2.o(.ARM.Collect$$rtentry$$0000000A)
    __rt_entry_postsh_1                      0x0800021b   Thumb Code     0  __rtentry2.o(.ARM.Collect$$rtentry$$00000009)
    __rt_entry_main                          0x0800021f   Thumb Code     0  __rtentry2.o(.ARM.Collect$$rtentry$$0000000D)
    __rt_entry_postli_1                      0x0800021f   Thumb Code     0  __rtentry2.o(.ARM.Collect$$rtentry$$0000000C)
    __rt_exit                                0x08000227   Thumb Code     0  rtexit.o(.ARM.Collect$$rtexit$$00000000)
    __rt_exit_ls                             0x08000229   Thumb Code     0  rtexit2.o(.ARM.Collect$$rtexit$$00000003)
    __rt_exit_prels_1                        0x08000229   Thumb Code     0  rtexit2.o(.ARM.Collect$$rtexit$$00000002)
    __rt_exit_exit                           0x0800022d   Thumb Code     0  rtexit2.o(.ARM.Collect$$rtexit$$00000004)
    errorLog                                 0x08000235   Thumb Code    14  main.o(.text)
    parseGpsBuffer                           0x08000243   Thumb Code   222  main.o(.text)
    main                                     0x08000321   Thumb Code  1434  main.o(.text)
    printGpsBuffer                           0x080008bb   Thumb Code   158  main.o(.text)
    NMI_Handler                              0x08000a2d   Thumb Code     2  stm32f10x_it.o(.text)
    HardFault_Handler                        0x08000a2f   Thumb Code     4  stm32f10x_it.o(.text)
    MemManage_Handler                        0x08000a33   Thumb Code     4  stm32f10x_it.o(.text)
    BusFault_Handler                         0x08000a37   Thumb Code     4  stm32f10x_it.o(.text)
    UsageFault_Handler                       0x08000a3b   Thumb Code     4  stm32f10x_it.o(.text)
    SVC_Handler                              0x08000a3f   Thumb Code     2  stm32f10x_it.o(.text)
    DebugMon_Handler                         0x08000a41   Thumb Code     2  stm32f10x_it.o(.text)
    PendSV_Handler                           0x08000a43   Thumb Code     2  stm32f10x_it.o(.text)
    SystemInit                               0x08000b23   Thumb Code    78  system_stm32f10x.o(.text)
    SystemCoreClockUpdate                    0x08000b71   Thumb Code   142  system_stm32f10x.o(.text)
    Init_LEDpin                              0x08000c25   Thumb Code    50  led.o(.text)
    LED_On                                   0x08000c57   Thumb Code    38  led.o(.text)
    LED_Off                                  0x08000c7d   Thumb Code    38  led.o(.text)
    LED_Toggle                               0x08000ca3   Thumb Code    36  led.o(.text)
    Serial_Init                              0x08000cd1   Thumb Code   206  usart2.o(.text)
    Serial_SendByte                          0x08000d9f   Thumb Code    28  usart2.o(.text)
    Serial_SendArray                         0x08000dbb   Thumb Code    26  usart2.o(.text)
    Serial_SendString                        0x08000dd5   Thumb Code    26  usart2.o(.text)
    Serial_Pow                               0x08000def   Thumb Code    20  usart2.o(.text)
    Serial_SendNumber                        0x08000e03   Thumb Code    58  usart2.o(.text)
    Serial_Printf                            0x08000e3d   Thumb Code    36  usart2.o(.text)
    USART2_sendChar                          0x08000e61   Thumb Code    28  usart2.o(.text)
    USART2_sendString                        0x08000e7d   Thumb Code    28  usart2.o(.text)
    USART2_IRQHandler                        0x08000e99   Thumb Code    84  usart2.o(.text)
    Key_Init                                 0x08000f09   Thumb Code    36  key.o(.text)
    Key_GetNum                               0x08000f2d   Thumb Code    64  key.o(.text)
    beep_init                                0x08000f71   Thumb Code    48  beep.o(.text)
    beep                                     0x08000fa1   Thumb Code   158  beep.o(.text)
    beep_1                                   0x0800103f   Thumb Code    62  beep.o(.text)
    FSR402_Init                              0x08001081   Thumb Code    36  fsr402.o(.text)
    FSR402_ADC_Read                          0x080010a5   Thumb Code    12  fsr402.o(.text)
    FSR402_GetData                           0x080010b1   Thumb Code    44  fsr402.o(.text)
    IIC_delay                                0x080010e1   Thumb Code    16  oled.o(.text)
    OLED_I2C_Stop                            0x080010f1   Thumb Code    38  oled.o(.text)
    OLED_I2C_WaitAck                         0x08001117   Thumb Code    46  oled.o(.text)
    OLED_Send_Byte                           0x08001145   Thumb Code    78  oled.o(.text)
    OLED_I2C_Start                           0x08001193   Thumb Code    56  oled.o(.text)
    OLED_WR_Byte                             0x080011cb   Thumb Code    56  oled.o(.text)
    OLED_ColorTurn                           0x08001203   Thumb Code    28  oled.o(.text)
    OLED_DisplayTurn                         0x0800121f   Thumb Code    44  oled.o(.text)
    OLED_DisPlay_On                          0x0800124b   Thumb Code    28  oled.o(.text)
    OLED_DisPlay_Off                         0x08001267   Thumb Code    28  oled.o(.text)
    OLED_Refresh                             0x08001283   Thumb Code   100  oled.o(.text)
    OLED_Clear                               0x080012e7   Thumb Code    42  oled.o(.text)
    OLED_DrawPoint                           0x08001311   Thumb Code   114  oled.o(.text)
    OLED_DrawLine                            0x08001383   Thumb Code   172  oled.o(.text)
    OLED_DrawCircle                          0x0800142f   Thumb Code   178  oled.o(.text)
    OLED_ShowChar                            0x080014e1   Thumb Code   304  oled.o(.text)
    OLED_ShowString                          0x08001611   Thumb Code    78  oled.o(.text)
    OLED_Pow                                 0x0800165f   Thumb Code    22  oled.o(.text)
    OLED_ShowNum                             0x08001675   Thumb Code   148  oled.o(.text)
    OLED_ShowChinese                         0x08001709   Thumb Code   248  oled.o(.text)
    OLED_ScrollDisplay                       0x08001801   Thumb Code   168  oled.o(.text)
    OLED_ShowPicture                         0x080018a9   Thumb Code   256  oled.o(.text)
    OLED_Init                                0x080019a9   Thumb Code   294  oled.o(.text)
    DHT11_Rst                                0x08001ad5   Thumb Code    52  dht11.o(.text)
    DHT11_Check                              0x08001b09   Thumb Code    96  dht11.o(.text)
    DHT11_Read_Bit                           0x08001b69   Thumb Code    76  dht11.o(.text)
    DHT11_Read_Byte                          0x08001bb5   Thumb Code    30  dht11.o(.text)
    DHT11_Read_Data                          0x08001bd3   Thumb Code    88  dht11.o(.text)
    DHT11_Init                               0x08001c2b   Thumb Code    58  dht11.o(.text)
    Reset_Handler                            0x08001c71   Thumb Code     8  startup_stm32f10x_md.o(.text)
    SysTick_Handler                          0x08001c89   Thumb Code     2  startup_stm32f10x_md.o(.text)
    ADC1_2_IRQHandler                        0x08001c8b   Thumb Code     0  startup_stm32f10x_md.o(.text)
    CAN1_RX1_IRQHandler                      0x08001c8b   Thumb Code     0  startup_stm32f10x_md.o(.text)
    CAN1_SCE_IRQHandler                      0x08001c8b   Thumb Code     0  startup_stm32f10x_md.o(.text)
    DMA1_Channel1_IRQHandler                 0x08001c8b   Thumb Code     0  startup_stm32f10x_md.o(.text)
    DMA1_Channel2_IRQHandler                 0x08001c8b   Thumb Code     0  startup_stm32f10x_md.o(.text)
    DMA1_Channel3_IRQHandler                 0x08001c8b   Thumb Code     0  startup_stm32f10x_md.o(.text)
    DMA1_Channel4_IRQHandler                 0x08001c8b   Thumb Code     0  startup_stm32f10x_md.o(.text)
    DMA1_Channel5_IRQHandler                 0x08001c8b   Thumb Code     0  startup_stm32f10x_md.o(.text)
    DMA1_Channel6_IRQHandler                 0x08001c8b   Thumb Code     0  startup_stm32f10x_md.o(.text)
    DMA1_Channel7_IRQHandler                 0x08001c8b   Thumb Code     0  startup_stm32f10x_md.o(.text)
    EXTI0_IRQHandler                         0x08001c8b   Thumb Code     0  startup_stm32f10x_md.o(.text)
    EXTI15_10_IRQHandler                     0x08001c8b   Thumb Code     0  startup_stm32f10x_md.o(.text)
    EXTI1_IRQHandler                         0x08001c8b   Thumb Code     0  startup_stm32f10x_md.o(.text)
    EXTI2_IRQHandler                         0x08001c8b   Thumb Code     0  startup_stm32f10x_md.o(.text)
    EXTI3_IRQHandler                         0x08001c8b   Thumb Code     0  startup_stm32f10x_md.o(.text)
    EXTI4_IRQHandler                         0x08001c8b   Thumb Code     0  startup_stm32f10x_md.o(.text)
    EXTI9_5_IRQHandler                       0x08001c8b   Thumb Code     0  startup_stm32f10x_md.o(.text)
    FLASH_IRQHandler                         0x08001c8b   Thumb Code     0  startup_stm32f10x_md.o(.text)
    I2C1_ER_IRQHandler                       0x08001c8b   Thumb Code     0  startup_stm32f10x_md.o(.text)
    I2C1_EV_IRQHandler                       0x08001c8b   Thumb Code     0  startup_stm32f10x_md.o(.text)
    I2C2_ER_IRQHandler                       0x08001c8b   Thumb Code     0  startup_stm32f10x_md.o(.text)
    I2C2_EV_IRQHandler                       0x08001c8b   Thumb Code     0  startup_stm32f10x_md.o(.text)
    PVD_IRQHandler                           0x08001c8b   Thumb Code     0  startup_stm32f10x_md.o(.text)
    RCC_IRQHandler                           0x08001c8b   Thumb Code     0  startup_stm32f10x_md.o(.text)
    RTCAlarm_IRQHandler                      0x08001c8b   Thumb Code     0  startup_stm32f10x_md.o(.text)
    RTC_IRQHandler                           0x08001c8b   Thumb Code     0  startup_stm32f10x_md.o(.text)
    SPI1_IRQHandler                          0x08001c8b   Thumb Code     0  startup_stm32f10x_md.o(.text)
    SPI2_IRQHandler                          0x08001c8b   Thumb Code     0  startup_stm32f10x_md.o(.text)
    TAMPER_IRQHandler                        0x08001c8b   Thumb Code     0  startup_stm32f10x_md.o(.text)
    TIM1_BRK_IRQHandler                      0x08001c8b   Thumb Code     0  startup_stm32f10x_md.o(.text)
    TIM1_CC_IRQHandler                       0x08001c8b   Thumb Code     0  startup_stm32f10x_md.o(.text)
    TIM1_TRG_COM_IRQHandler                  0x08001c8b   Thumb Code     0  startup_stm32f10x_md.o(.text)
    TIM1_UP_IRQHandler                       0x08001c8b   Thumb Code     0  startup_stm32f10x_md.o(.text)
    TIM2_IRQHandler                          0x08001c8b   Thumb Code     0  startup_stm32f10x_md.o(.text)
    TIM3_IRQHandler                          0x08001c8b   Thumb Code     0  startup_stm32f10x_md.o(.text)
    TIM4_IRQHandler                          0x08001c8b   Thumb Code     0  startup_stm32f10x_md.o(.text)
    USART3_IRQHandler                        0x08001c8b   Thumb Code     0  startup_stm32f10x_md.o(.text)
    USBWakeUp_IRQHandler                     0x08001c8b   Thumb Code     0  startup_stm32f10x_md.o(.text)
    USB_HP_CAN1_TX_IRQHandler                0x08001c8b   Thumb Code     0  startup_stm32f10x_md.o(.text)
    USB_LP_CAN1_RX0_IRQHandler               0x08001c8b   Thumb Code     0  startup_stm32f10x_md.o(.text)
    WWDG_IRQHandler                          0x08001c8b   Thumb Code     0  startup_stm32f10x_md.o(.text)
    __user_initial_stackheap                 0x08001c8d   Thumb Code     0  startup_stm32f10x_md.o(.text)
    NVIC_PriorityGroupConfig                 0x08001cb1   Thumb Code    10  misc.o(.text)
    NVIC_Init                                0x08001cbb   Thumb Code   100  misc.o(.text)
    NVIC_SetVectorTable                      0x08001d1f   Thumb Code    14  misc.o(.text)
    NVIC_SystemLPConfig                      0x08001d2d   Thumb Code    34  misc.o(.text)
    SysTick_CLKSourceConfig                  0x08001d4f   Thumb Code    40  misc.o(.text)
    GPIO_DeInit                              0x08001d8d   Thumb Code   172  stm32f10x_gpio.o(.text)
    GPIO_AFIODeInit                          0x08001e39   Thumb Code    20  stm32f10x_gpio.o(.text)
    GPIO_Init                                0x08001e4d   Thumb Code   278  stm32f10x_gpio.o(.text)
    GPIO_StructInit                          0x08001f63   Thumb Code    16  stm32f10x_gpio.o(.text)
    GPIO_ReadInputDataBit                    0x08001f73   Thumb Code    18  stm32f10x_gpio.o(.text)
    GPIO_ReadInputData                       0x08001f85   Thumb Code     8  stm32f10x_gpio.o(.text)
    GPIO_ReadOutputDataBit                   0x08001f8d   Thumb Code    18  stm32f10x_gpio.o(.text)
    GPIO_ReadOutputData                      0x08001f9f   Thumb Code     8  stm32f10x_gpio.o(.text)
    GPIO_SetBits                             0x08001fa7   Thumb Code     4  stm32f10x_gpio.o(.text)
    GPIO_ResetBits                           0x08001fab   Thumb Code     4  stm32f10x_gpio.o(.text)
    GPIO_WriteBit                            0x08001faf   Thumb Code    10  stm32f10x_gpio.o(.text)
    GPIO_Write                               0x08001fb9   Thumb Code     4  stm32f10x_gpio.o(.text)
    GPIO_PinLockConfig                       0x08001fbd   Thumb Code    18  stm32f10x_gpio.o(.text)
    GPIO_EventOutputConfig                   0x08001fcf   Thumb Code    26  stm32f10x_gpio.o(.text)
    GPIO_EventOutputCmd                      0x08001fe9   Thumb Code     6  stm32f10x_gpio.o(.text)
    GPIO_PinRemapConfig                      0x08001fef   Thumb Code   138  stm32f10x_gpio.o(.text)
    GPIO_EXTILineConfig                      0x08002079   Thumb Code    66  stm32f10x_gpio.o(.text)
    GPIO_ETH_MediaInterfaceConfig            0x080020bb   Thumb Code     8  stm32f10x_gpio.o(.text)
    RCC_DeInit                               0x080020e9   Thumb Code    64  stm32f10x_rcc.o(.text)
    RCC_HSEConfig                            0x08002129   Thumb Code    70  stm32f10x_rcc.o(.text)
    RCC_GetFlagStatus                        0x0800216f   Thumb Code    56  stm32f10x_rcc.o(.text)
    RCC_WaitForHSEStartUp                    0x080021a7   Thumb Code    56  stm32f10x_rcc.o(.text)
    RCC_AdjustHSICalibrationValue            0x080021df   Thumb Code    20  stm32f10x_rcc.o(.text)
    RCC_HSICmd                               0x080021f3   Thumb Code     6  stm32f10x_rcc.o(.text)
    RCC_PLLConfig                            0x080021f9   Thumb Code    24  stm32f10x_rcc.o(.text)
    RCC_PLLCmd                               0x08002211   Thumb Code     6  stm32f10x_rcc.o(.text)
    RCC_SYSCLKConfig                         0x08002217   Thumb Code    18  stm32f10x_rcc.o(.text)
    RCC_GetSYSCLKSource                      0x08002229   Thumb Code    10  stm32f10x_rcc.o(.text)
    RCC_HCLKConfig                           0x08002233   Thumb Code    18  stm32f10x_rcc.o(.text)
    RCC_PCLK1Config                          0x08002245   Thumb Code    18  stm32f10x_rcc.o(.text)
    RCC_PCLK2Config                          0x08002257   Thumb Code    20  stm32f10x_rcc.o(.text)
    RCC_ITConfig                             0x0800226b   Thumb Code    26  stm32f10x_rcc.o(.text)
    RCC_USBCLKConfig                         0x08002285   Thumb Code     8  stm32f10x_rcc.o(.text)
    RCC_ADCCLKConfig                         0x0800228d   Thumb Code    18  stm32f10x_rcc.o(.text)
    RCC_LSEConfig                            0x0800229f   Thumb Code    50  stm32f10x_rcc.o(.text)
    RCC_LSICmd                               0x080022d1   Thumb Code     6  stm32f10x_rcc.o(.text)
    RCC_RTCCLKConfig                         0x080022d7   Thumb Code    12  stm32f10x_rcc.o(.text)
    RCC_RTCCLKCmd                            0x080022e3   Thumb Code     8  stm32f10x_rcc.o(.text)
    RCC_GetClocksFreq                        0x080022eb   Thumb Code   192  stm32f10x_rcc.o(.text)
    RCC_AHBPeriphClockCmd                    0x080023ab   Thumb Code    26  stm32f10x_rcc.o(.text)
    RCC_APB2PeriphClockCmd                   0x080023c5   Thumb Code    26  stm32f10x_rcc.o(.text)
    RCC_APB1PeriphClockCmd                   0x080023df   Thumb Code    26  stm32f10x_rcc.o(.text)
    RCC_APB2PeriphResetCmd                   0x080023f9   Thumb Code    26  stm32f10x_rcc.o(.text)
    RCC_APB1PeriphResetCmd                   0x08002413   Thumb Code    26  stm32f10x_rcc.o(.text)
    RCC_BackupResetCmd                       0x0800242d   Thumb Code     8  stm32f10x_rcc.o(.text)
    RCC_ClockSecuritySystemCmd               0x08002435   Thumb Code     6  stm32f10x_rcc.o(.text)
    RCC_MCOConfig                            0x0800243b   Thumb Code     6  stm32f10x_rcc.o(.text)
    RCC_ClearFlag                            0x08002441   Thumb Code    14  stm32f10x_rcc.o(.text)
    RCC_GetITStatus                          0x0800244f   Thumb Code    20  stm32f10x_rcc.o(.text)
    RCC_ClearITPendingBit                    0x08002463   Thumb Code     6  stm32f10x_rcc.o(.text)
    USART_DeInit                             0x0800248d   Thumb Code   134  stm32f10x_usart.o(.text)
    USART_Init                               0x08002513   Thumb Code   210  stm32f10x_usart.o(.text)
    USART_StructInit                         0x080025e5   Thumb Code    24  stm32f10x_usart.o(.text)
    USART_ClockInit                          0x080025fd   Thumb Code    34  stm32f10x_usart.o(.text)
    USART_ClockStructInit                    0x0800261f   Thumb Code    12  stm32f10x_usart.o(.text)
    USART_Cmd                                0x0800262b   Thumb Code    24  stm32f10x_usart.o(.text)
    USART_ITConfig                           0x08002643   Thumb Code    74  stm32f10x_usart.o(.text)
    USART_DMACmd                             0x0800268d   Thumb Code    18  stm32f10x_usart.o(.text)
    USART_SetAddress                         0x0800269f   Thumb Code    18  stm32f10x_usart.o(.text)
    USART_WakeUpConfig                       0x080026b1   Thumb Code    18  stm32f10x_usart.o(.text)
    USART_ReceiverWakeUpCmd                  0x080026c3   Thumb Code    24  stm32f10x_usart.o(.text)
    USART_LINBreakDetectLengthConfig         0x080026db   Thumb Code    18  stm32f10x_usart.o(.text)
    USART_LINCmd                             0x080026ed   Thumb Code    24  stm32f10x_usart.o(.text)
    USART_SendData                           0x08002705   Thumb Code     8  stm32f10x_usart.o(.text)
    USART_ReceiveData                        0x0800270d   Thumb Code    10  stm32f10x_usart.o(.text)
    USART_SendBreak                          0x08002717   Thumb Code    10  stm32f10x_usart.o(.text)
    USART_SetGuardTime                       0x08002721   Thumb Code    16  stm32f10x_usart.o(.text)
    USART_SetPrescaler                       0x08002731   Thumb Code    16  stm32f10x_usart.o(.text)
    USART_SmartCardCmd                       0x08002741   Thumb Code    24  stm32f10x_usart.o(.text)
    USART_SmartCardNACKCmd                   0x08002759   Thumb Code    24  stm32f10x_usart.o(.text)
    USART_HalfDuplexCmd                      0x08002771   Thumb Code    24  stm32f10x_usart.o(.text)
    USART_OverSampling8Cmd                   0x08002789   Thumb Code    22  stm32f10x_usart.o(.text)
    USART_OneBitMethodCmd                    0x0800279f   Thumb Code    24  stm32f10x_usart.o(.text)
    USART_IrDAConfig                         0x080027b7   Thumb Code    18  stm32f10x_usart.o(.text)
    USART_IrDACmd                            0x080027c9   Thumb Code    24  stm32f10x_usart.o(.text)
    USART_GetFlagStatus                      0x080027e1   Thumb Code    26  stm32f10x_usart.o(.text)
    USART_ClearFlag                          0x080027fb   Thumb Code    18  stm32f10x_usart.o(.text)
    USART_GetITStatus                        0x0800280d   Thumb Code    84  stm32f10x_usart.o(.text)
    USART_ClearITPendingBit                  0x08002861   Thumb Code    52  stm32f10x_usart.o(.text)
    ADC_DeInit                               0x08002895   Thumb Code    78  stm32f10x_adc.o(.text)
    ADC_Init                                 0x080028e3   Thumb Code    70  stm32f10x_adc.o(.text)
    ADC_StructInit                           0x08002929   Thumb Code    18  stm32f10x_adc.o(.text)
    ADC_Cmd                                  0x0800293b   Thumb Code    22  stm32f10x_adc.o(.text)
    ADC_DMACmd                               0x08002951   Thumb Code    22  stm32f10x_adc.o(.text)
    ADC_ITConfig                             0x08002967   Thumb Code    24  stm32f10x_adc.o(.text)
    ADC_ResetCalibration                     0x0800297f   Thumb Code    10  stm32f10x_adc.o(.text)
    ADC_GetResetCalibrationStatus            0x08002989   Thumb Code    20  stm32f10x_adc.o(.text)
    ADC_StartCalibration                     0x0800299d   Thumb Code    10  stm32f10x_adc.o(.text)
    ADC_GetCalibrationStatus                 0x080029a7   Thumb Code    20  stm32f10x_adc.o(.text)
    ADC_SoftwareStartConvCmd                 0x080029bb   Thumb Code    22  stm32f10x_adc.o(.text)
    ADC_GetSoftwareStartConvStatus           0x080029d1   Thumb Code    20  stm32f10x_adc.o(.text)
    ADC_DiscModeChannelCountConfig           0x080029e5   Thumb Code    24  stm32f10x_adc.o(.text)
    ADC_DiscModeCmd                          0x080029fd   Thumb Code    22  stm32f10x_adc.o(.text)
    ADC_RegularChannelConfig                 0x08002a13   Thumb Code   184  stm32f10x_adc.o(.text)
    ADC_ExternalTrigConvCmd                  0x08002acb   Thumb Code    22  stm32f10x_adc.o(.text)
    ADC_GetConversionValue                   0x08002ae1   Thumb Code     8  stm32f10x_adc.o(.text)
    ADC_GetDualModeConversionValue           0x08002ae9   Thumb Code     8  stm32f10x_adc.o(.text)
    ADC_AutoInjectedConvCmd                  0x08002af1   Thumb Code    22  stm32f10x_adc.o(.text)
    ADC_InjectedDiscModeCmd                  0x08002b07   Thumb Code    22  stm32f10x_adc.o(.text)
    ADC_ExternalTrigInjectedConvConfig       0x08002b1d   Thumb Code    16  stm32f10x_adc.o(.text)
    ADC_ExternalTrigInjectedConvCmd          0x08002b2d   Thumb Code    22  stm32f10x_adc.o(.text)
    ADC_SoftwareStartInjectedConvCmd         0x08002b43   Thumb Code    22  stm32f10x_adc.o(.text)
    ADC_GetSoftwareStartInjectedConvCmdStatus 0x08002b59   Thumb Code    20  stm32f10x_adc.o(.text)
    ADC_InjectedChannelConfig                0x08002b6d   Thumb Code   130  stm32f10x_adc.o(.text)
    ADC_InjectedSequencerLengthConfig        0x08002bef   Thumb Code    24  stm32f10x_adc.o(.text)
    ADC_SetInjectedOffset                    0x08002c07   Thumb Code    20  stm32f10x_adc.o(.text)
    ADC_GetInjectedConversionValue           0x08002c1b   Thumb Code    28  stm32f10x_adc.o(.text)
    ADC_AnalogWatchdogCmd                    0x08002c37   Thumb Code    16  stm32f10x_adc.o(.text)
    ADC_AnalogWatchdogThresholdsConfig       0x08002c47   Thumb Code     6  stm32f10x_adc.o(.text)
    ADC_AnalogWatchdogSingleChannelConfig    0x08002c4d   Thumb Code    16  stm32f10x_adc.o(.text)
    ADC_TempSensorVrefintCmd                 0x08002c5d   Thumb Code    64  stm32f10x_adc.o(.text)
    ADC_GetFlagStatus                        0x08002c9d   Thumb Code    18  stm32f10x_adc.o(.text)
    ADC_ClearFlag                            0x08002caf   Thumb Code     6  stm32f10x_adc.o(.text)
    ADC_GetITStatus                          0x08002cb5   Thumb Code    36  stm32f10x_adc.o(.text)
    ADC_ClearITPendingBit                    0x08002cd9   Thumb Code    10  stm32f10x_adc.o(.text)
    delay_init                               0x08002ce5   Thumb Code    50  delay.o(.text)
    delay_us                                 0x08002d17   Thumb Code    72  delay.o(.text)
    delay_ms                                 0x08002d5f   Thumb Code    72  delay.o(.text)
    NVIC_Configuration                       0x08002db9   Thumb Code    12  sys.o(.text)
    _sys_exit                                0x08002dc5   Thumb Code     4  usart.o(.text)
    fputc                                    0x08002dc9   Thumb Code    24  usart.o(.text)
    CLR_Buf                                  0x08002de1   Thumb Code    18  usart.o(.text)
    uart_init                                0x08002df3   Thumb Code   162  usart.o(.text)
    USART1_IRQHandler                        0x08002e95   Thumb Code   138  usart.o(.text)
    Hand                                     0x08002f1f   Thumb Code    22  usart.o(.text)
    clrStruct                                0x08002f35   Thumb Code    72  usart.o(.text)
    ADCx_Init                                0x08002f91   Thumb Code   104  adcx.o(.text)
    ADC_GetValue                             0x08002ff9   Thumb Code    48  adcx.o(.text)
    __use_no_semihosting                     0x0800302d   Thumb Code     2  use_no_semi_2.o(.text)
    printf                                   0x08003031   Thumb Code    20  printf.o(.text)
    vsprintf                                 0x08003049   Thumb Code    32  vsprintf.o(.text)
    __2printf                                0x0800306d   Thumb Code    20  __2printf.o(.text)
    _printf_int_dec                          0x08003085   Thumb Code   104  _printf_dec.o(.text)
    __printf                                 0x080030fd   Thumb Code   388  __printf_flags_ss_wp.o(.text)
    __0sscanf                                0x08003285   Thumb Code    52  __0sscanf.o(.text)
    strstr                                   0x080032c1   Thumb Code    36  strstr.o(.text)
    __aeabi_memcpy                           0x080032e5   Thumb Code     0  rt_memcpy_v6.o(.text)
    __rt_memcpy                              0x080032e5   Thumb Code   138  rt_memcpy_v6.o(.text)
    _memcpy_lastbytes                        0x0800334b   Thumb Code     0  rt_memcpy_v6.o(.text)
    __aeabi_memclr                           0x0800336f   Thumb Code     0  rt_memclr.o(.text)
    __rt_memclr                              0x0800336f   Thumb Code    68  rt_memclr.o(.text)
    _memset                                  0x08003373   Thumb Code     0  rt_memclr.o(.text)
    strcmp                                   0x080033b5   Thumb Code   128  strcmpv7m.o(.text)
    __use_two_region_memory                  0x08003435   Thumb Code     2  heapauxi.o(.text)
    __rt_heap_escrow$2region                 0x08003437   Thumb Code     2  heapauxi.o(.text)
    __rt_heap_expand$2region                 0x08003439   Thumb Code     2  heapauxi.o(.text)
    __I$use$semihosting                      0x0800343b   Thumb Code     0  use_no_semi.o(.text)
    __use_no_semihosting_swi                 0x0800343b   Thumb Code     2  use_no_semi.o(.text)
    _printf_pre_padding                      0x0800343d   Thumb Code    44  _printf_pad.o(.text)
    _printf_post_padding                     0x08003469   Thumb Code    34  _printf_pad.o(.text)
    _printf_truncate_signed                  0x0800348b   Thumb Code    18  _printf_truncate.o(.text)
    _printf_truncate_unsigned                0x0800349d   Thumb Code    18  _printf_truncate.o(.text)
    _printf_str                              0x080034af   Thumb Code    82  _printf_str.o(.text)
    _printf_int_common                       0x08003501   Thumb Code   178  _printf_intcommon.o(.text)
    _printf_charcount                        0x080035b3   Thumb Code    40  _printf_charcount.o(.text)
    _printf_char_common                      0x080035e7   Thumb Code    32  _printf_char_common.o(.text)
    _sputc                                   0x0800360d   Thumb Code    10  _sputc.o(.text)
    _printf_char_file                        0x08003619   Thumb Code    32  _printf_char_file.o(.text)
    _printf_wctomb                           0x0800363d   Thumb Code   182  _printf_wctomb.o(.text)
    _printf_longlong_dec                     0x080036f9   Thumb Code   108  _printf_longlong_dec.o(.text)
    _printf_longlong_oct                     0x08003775   Thumb Code    66  _printf_oct_int_ll.o(.text)
    _printf_int_oct                          0x080037b7   Thumb Code    24  _printf_oct_int_ll.o(.text)
    _printf_ll_oct                           0x080037cf   Thumb Code    12  _printf_oct_int_ll.o(.text)
    _printf_longlong_hex                     0x080037e5   Thumb Code    86  _printf_hex_int_ll_ptr.o(.text)
    _printf_int_hex                          0x0800383b   Thumb Code    28  _printf_hex_int_ll_ptr.o(.text)
    _printf_ll_hex                           0x08003857   Thumb Code    12  _printf_hex_int_ll_ptr.o(.text)
    _printf_hex_ptr                          0x08003863   Thumb Code    18  _printf_hex_int_ll_ptr.o(.text)
    _scanf_really_real                       0x08003ac5   Thumb Code   684  scanf_fp.o(.text)
    __vfscanf_char                           0x08003d7d   Thumb Code    24  scanf_char.o(.text)
    _sgetc                                   0x08003d9d   Thumb Code    30  _sgetc.o(.text)
    _sbackspace                              0x08003dbb   Thumb Code    34  _sgetc.o(.text)
    __aeabi_memcpy4                          0x08003ddd   Thumb Code     0  rt_memcpy_w.o(.text)
    __aeabi_memcpy8                          0x08003ddd   Thumb Code     0  rt_memcpy_w.o(.text)
    __rt_memcpy_w                            0x08003ddd   Thumb Code   100  rt_memcpy_w.o(.text)
    _memcpy_lastbytes_aligned                0x08003e25   Thumb Code     0  rt_memcpy_w.o(.text)
    __aeabi_memclr4                          0x08003e41   Thumb Code     0  rt_memclr_w.o(.text)
    __aeabi_memclr8                          0x08003e41   Thumb Code     0  rt_memclr_w.o(.text)
    __rt_memclr_w                            0x08003e41   Thumb Code    78  rt_memclr_w.o(.text)
    _memset_w                                0x08003e45   Thumb Code     0  rt_memclr_w.o(.text)
    __rt_locale                              0x08003e91   Thumb Code     8  rt_locale_intlibspace.o(.text)
    __aeabi_errno_addr                       0x08003e99   Thumb Code     8  rt_errno_addr_intlibspace.o(.text)
    __errno$intlibspace                      0x08003e99   Thumb Code     0  rt_errno_addr_intlibspace.o(.text)
    __rt_errno_addr$intlibspace              0x08003e99   Thumb Code     0  rt_errno_addr_intlibspace.o(.text)
    _ll_udiv10                               0x08003ea1   Thumb Code   138  lludiv10.o(.text)
    isspace                                  0x08003f2b   Thumb Code    18  isspace.o(.text)
    __lib_sel_fp_printf                      0x08003f3d   Thumb Code     2  _printf_fp_dec.o(.text)
    _printf_fp_dec_real                      0x080040ef   Thumb Code   620  _printf_fp_dec.o(.text)
    _printf_fp_hex_real                      0x0800435d   Thumb Code   756  _printf_fp_hex.o(.text)
    _printf_cs_common                        0x08004659   Thumb Code    20  _printf_char.o(.text)
    _printf_char                             0x0800466d   Thumb Code    16  _printf_char.o(.text)
    _printf_string                           0x0800467d   Thumb Code     8  _printf_char.o(.text)
    _printf_lcs_common                       0x08004685   Thumb Code    20  _printf_wchar.o(.text)
    _printf_wchar                            0x08004699   Thumb Code    16  _printf_wchar.o(.text)
    _printf_wstring                          0x080046a9   Thumb Code     8  _printf_wchar.o(.text)
    __vfscanf                                0x080046b1   Thumb Code   878  _scanf.o(.text)
    _btod_etento                             0x08004a25   Thumb Code   224  bigflt0.o(.text)
    ferror                                   0x08004b09   Thumb Code     8  ferror.o(.text)
    _wcrtomb                                 0x08004b11   Thumb Code    64  _wcrtomb.o(.text)
    __user_libspace                          0x08004b51   Thumb Code     8  libspace.o(.text)
    __user_perproc_libspace                  0x08004b51   Thumb Code     0  libspace.o(.text)
    __user_perthread_libspace                0x08004b51   Thumb Code     0  libspace.o(.text)
    __user_setup_stackheap                   0x08004b59   Thumb Code    74  sys_stackheap_outer.o(.text)
    __rt_ctype_table                         0x08004ba5   Thumb Code    16  rt_ctype_table.o(.text)
    __read_errno                             0x08004bb5   Thumb Code    10  _rserrno.o(.text)
    __set_errno                              0x08004bbf   Thumb Code    12  _rserrno.o(.text)
    _printf_fp_infnan                        0x08004bcd   Thumb Code   112  _printf_fp_infnan.o(.text)
    _scanf_really_hex_real                   0x08004c4d   Thumb Code   786  scanf_hexfp.o(.text)
    _scanf_really_infnan                     0x08004f6d   Thumb Code   292  scanf_infnan.o(.text)
    exit                                     0x080050a1   Thumb Code    18  exit.o(.text)
    __aeabi_llsl                             0x080050b3   Thumb Code     0  llshl.o(.text)
    _ll_shift_l                              0x080050b3   Thumb Code    38  llshl.o(.text)
    _chval                                   0x080050d9   Thumb Code    28  _chval.o(.text)
    _btod_d2e                                0x080050f5   Thumb Code    62  btod.o(CL$$btod_d2e)
    _d2e_denorm_low                          0x08005133   Thumb Code    70  btod.o(CL$$btod_d2e_denorm_low)
    _d2e_norm_op1                            0x08005179   Thumb Code    96  btod.o(CL$$btod_d2e_norm_op1)
    __btod_div_common                        0x080051d9   Thumb Code   696  btod.o(CL$$btod_div_common)
    _e2d                                     0x08005511   Thumb Code   122  btod.o(CL$$btod_e2d)
    _e2e                                     0x08005595   Thumb Code   220  btod.o(CL$$btod_e2e)
    _btod_ediv                               0x08005671   Thumb Code    42  btod.o(CL$$btod_ediv)
    _btod_edivd                              0x0800569b   Thumb Code    42  btod.o(CL$$btod_edivd)
    _btod_emul                               0x080056c5   Thumb Code    42  btod.o(CL$$btod_emul)
    _btod_emuld                              0x080056ef   Thumb Code    42  btod.o(CL$$btod_emuld)
    __btod_mult_common                       0x08005719   Thumb Code   580  btod.o(CL$$btod_mult_common)
    __ARM_fpclassify                         0x0800595d   Thumb Code    40  fpclassify.o(i.__ARM_fpclassify)
    __mathlib_dbl_overflow                   0x08005985   Thumb Code    14  dunder.o(i.__mathlib_dbl_overflow)
    __mathlib_dbl_underflow                  0x08005995   Thumb Code    10  dunder.o(i.__mathlib_dbl_underflow)
    __mathlib_narrow                         0x080059a5   Thumb Code    16  narrow.o(i.__mathlib_narrow)
    __mathlib_tofloat                        0x080059b5   Thumb Code   184  narrow.o(i.__mathlib_tofloat)
    __support_ldexp                          0x08005a71   Thumb Code    22  ldexp.o(i.__support_ldexp)
    _is_digit                                0x08005a87   Thumb Code    14  __printf_wp.o(i._is_digit)
    frexp                                    0x08005a95   Thumb Code    80  frexp.o(i.frexp)
    ldexp                                    0x08005aed   Thumb Code   116  ldexp.o(i.ldexp)
    _get_lc_numeric                          0x08005b61   Thumb Code    44  lc_numeric_c.o(locale$$code)
    _get_lc_ctype                            0x08005b8d   Thumb Code    44  lc_ctype_c.o(locale$$code)
    __aeabi_d2f                              0x08005bb9   Thumb Code     0  d2f.o(x$fpl$d2f)
    _d2f                                     0x08005bb9   Thumb Code    98  d2f.o(x$fpl$d2f)
    __fpl_dcheck_NaN1                        0x08005c1d   Thumb Code    10  dcheck1.o(x$fpl$dcheck1)
    __fpl_dcmp_Inf                           0x08005c2d   Thumb Code    24  dcmpi.o(x$fpl$dcmpinf)
    __aeabi_cdcmpeq                          0x08005c45   Thumb Code     0  deqf.o(x$fpl$deqf)
    _dcmpeq                                  0x08005c45   Thumb Code   120  deqf.o(x$fpl$deqf)
    __aeabi_d2iz                             0x08005cbd   Thumb Code     0  dfix.o(x$fpl$dfix)
    _dfix                                    0x08005cbd   Thumb Code    94  dfix.o(x$fpl$dfix)
    __aeabi_cdcmple                          0x08005d1d   Thumb Code     0  dleqf.o(x$fpl$dleqf)
    _dcmple                                  0x08005d1d   Thumb Code   120  dleqf.o(x$fpl$dleqf)
    __fpl_dcmple_InfNaN                      0x08005d7f   Thumb Code     0  dleqf.o(x$fpl$dleqf)
    __aeabi_dmul                             0x08005d95   Thumb Code     0  dmul.o(x$fpl$dmul)
    _dmul                                    0x08005d95   Thumb Code   332  dmul.o(x$fpl$dmul)
    __fpl_dnaninf                            0x08005ee9   Thumb Code   156  dnaninf.o(x$fpl$dnaninf)
    __fpl_dretinf                            0x08005f85   Thumb Code    12  dretinf.o(x$fpl$dretinf)
    __aeabi_cdrcmple                         0x08005f91   Thumb Code     0  drleqf.o(x$fpl$drleqf)
    _drcmple                                 0x08005f91   Thumb Code   108  drleqf.o(x$fpl$drleqf)
    __aeabi_f2d                              0x08005ffd   Thumb Code     0  f2d.o(x$fpl$f2d)
    _f2d                                     0x08005ffd   Thumb Code    86  f2d.o(x$fpl$f2d)
    __aeabi_fadd                             0x08006055   Thumb Code     0  faddsub_clz.o(x$fpl$fadd)
    _fadd                                    0x08006055   Thumb Code   196  faddsub_clz.o(x$fpl$fadd)
    __aeabi_f2iz                             0x08006119   Thumb Code     0  ffix.o(x$fpl$ffix)
    _ffix                                    0x08006119   Thumb Code    54  ffix.o(x$fpl$ffix)
    __aeabi_i2f                              0x08006151   Thumb Code     0  fflt_clz.o(x$fpl$fflt)
    _fflt                                    0x08006151   Thumb Code    48  fflt_clz.o(x$fpl$fflt)
    __fpl_fnaninf                            0x08006181   Thumb Code   140  fnaninf.o(x$fpl$fnaninf)
    __fpl_fretinf                            0x0800620d   Thumb Code    10  fretinf.o(x$fpl$fretinf)
    __aeabi_frsub                            0x08006217   Thumb Code     0  faddsub_clz.o(x$fpl$frsb)
    _frsb                                    0x08006217   Thumb Code    20  faddsub_clz.o(x$fpl$frsb)
    __aeabi_fsub                             0x0800622d   Thumb Code     0  faddsub_clz.o(x$fpl$fsub)
    _fsub                                    0x0800622d   Thumb Code   234  faddsub_clz.o(x$fpl$fsub)
    __ieee_status                            0x08006317   Thumb Code     6  istatus.o(x$fpl$ieeestatus)
    _printf_fp_dec                           0x0800631d   Thumb Code     4  printf1.o(x$fpl$printf1)
    _printf_fp_hex                           0x08006321   Thumb Code     4  printf2.o(x$fpl$printf2)
    __fpl_return_NaN                         0x08006325   Thumb Code   100  retnan.o(x$fpl$retnan)
    __ARM_scalbn                             0x08006389   Thumb Code    92  scalbn.o(x$fpl$scalbn)
    _scanf_real                              0x080063e5   Thumb Code     4  scanf1.o(x$fpl$scanf1)
    _scanf_hex_real                          0x080063e9   Thumb Code     4  scanf2.o(x$fpl$scanf2)
    _scanf_infnan                            0x080063ed   Thumb Code     4  scanf2.o(x$fpl$scanf2)
    __fpl_cmpreturn                          0x080063f1   Thumb Code    48  trapv.o(x$fpl$trapveneer)
    __I$use$fp                               0x08006420   Number         0  usenofp.o(x$fpl$usenofp)
    asc2_0806                                0x08006420   Data         552  oled.o(.constdata)
    asc2_1206                                0x08006648   Data        1140  oled.o(.constdata)
    asc2_1608                                0x08006abc   Data        1520  oled.o(.constdata)
    asc2_2412                                0x080070ac   Data        3420  oled.o(.constdata)
    Hzk1                                     0x08007e08   Data         384  oled.o(.constdata)
    Hzk2                                     0x08007f88   Data          72  oled.o(.constdata)
    Hzk3                                     0x08007fd0   Data         128  oled.o(.constdata)
    Hzk4                                     0x08008050   Data         512  oled.o(.constdata)
    Region$$Table$$Base                      0x08008430   Number         0  anon$$obj.o(Region$$Table)
    Region$$Table$$Limit                     0x08008450   Number         0  anon$$obj.o(Region$$Table)
    __aeabi_HUGE_VAL                         0x08008450   Data           0  fpconst.o(c$$dinf)
    __aeabi_HUGE_VALL                        0x08008450   Data           0  fpconst.o(c$$dinf)
    __aeabi_INFINITY                         0x08008450   Data           0  fpconst.o(c$$dinf)
    __dInf                                   0x08008450   Data           0  fpconst.o(c$$dinf)
    __huge_val                               0x08008450   Data           0  fpconst.o(c$$dinf)
    __dbl_max                                0x08008458   Data           0  fpconst.o(c$$dmax)
    __ctype                                  0x08008489   Data           0  lc_ctype_c.o(locale$$data)
    Wi                                       0x20000000   Data           1  main.o(.data)
    Wstate                                   0x20000001   Data           1  main.o(.data)
    pressure                                 0x20000002   Data           2  main.o(.data)
    alarm_state                              0x20000004   Data           1  main.o(.data)
    pressure_Difference                      0x20000006   Data           2  main.o(.data)
    temp                                     0x20000008   Data           1  main.o(.data)
    humi                                     0x20000009   Data           1  main.o(.data)
    lat                                      0x2000000c   Data           4  main.o(.data)
    lng                                      0x20000010   Data           4  main.o(.data)
    lat_data                                 0x20000014   Data           4  main.o(.data)
    lng_data                                 0x20000018   Data           4  main.o(.data)
    KeyNum                                   0x2000001c   Data           1  main.o(.data)
    SystemCoreClock                          0x20000020   Data           4  system_stm32f10x.o(.data)
    AHBPrescTable                            0x20000024   Data          16  system_stm32f10x.o(.data)
    rxdatabufer                              0x2000004c   Data           1  usart.o(.data)
    point1                                   0x2000004e   Data           2  usart.o(.data)
    __stdout                                 0x20000050   Data           4  usart.o(.data)
    USART_RX_STA                             0x20000054   Data           2  usart.o(.data)
    Wstr                                     0x20000058   Data         100  main.o(.bss)
    OLED_GRAM                                0x200000bc   Data        1152  oled.o(.bss)
    Save_Data                                0x2000053c   Data         121  usart.o(.bss)
    USART_RX_BUF                             0x200005b5   Data         200  usart.o(.bss)
    __libspace_start                         0x20000680   Data          96  libspace.o(.bss)
    __temporary_stack_top$libspace           0x200006e0   Data           0  libspace.o(.bss)



==============================================================================

Memory Map of the image

  Image Entry point : 0x080000ed

  Load Region LR_IROM1 (Base: 0x08000000, Size: 0x000085e4, Max: 0x00010000, ABSOLUTE)

    Execution Region ER_IROM1 (Exec base: 0x08000000, Load base: 0x08000000, Size: 0x0000858c, Max: 0x00010000, ABSOLUTE)

    Exec Addr    Load Addr    Size         Type   Attr      Idx    E Section Name        Object

    0x08000000   0x08000000   0x000000ec   Data   RO          281    RESET               startup_stm32f10x_md.o
    0x080000ec   0x080000ec   0x00000008   Code   RO          459  * !!!main             c_w.l(__main.o)
    0x080000f4   0x080000f4   0x00000034   Code   RO          894    !!!scatter          c_w.l(__scatter.o)
    0x08000128   0x08000128   0x0000001a   Code   RO          896    !!handler_copy      c_w.l(__scatter_copy.o)
    0x08000142   0x08000142   0x00000002   PAD
    0x08000144   0x08000144   0x0000001c   Code   RO          898    !!handler_zi        c_w.l(__scatter_zi.o)
    0x08000160   0x08000160   0x00000000   Code   RO          446    .ARM.Collect$$_printf_percent$$00000000  c_w.l(_printf_percent.o)
    0x08000160   0x08000160   0x00000006   Code   RO          540    .ARM.Collect$$_printf_percent$$00000001  c_w.l(_printf_n.o)
    0x08000166   0x08000166   0x00000006   Code   RO          542    .ARM.Collect$$_printf_percent$$00000002  c_w.l(_printf_p.o)
    0x0800016c   0x0800016c   0x00000006   Code   RO          546    .ARM.Collect$$_printf_percent$$00000003  c_w.l(_printf_f.o)
    0x08000172   0x08000172   0x00000006   Code   RO          547    .ARM.Collect$$_printf_percent$$00000004  c_w.l(_printf_e.o)
    0x08000178   0x08000178   0x00000006   Code   RO          548    .ARM.Collect$$_printf_percent$$00000005  c_w.l(_printf_g.o)
    0x0800017e   0x0800017e   0x00000006   Code   RO          549    .ARM.Collect$$_printf_percent$$00000006  c_w.l(_printf_a.o)
    0x08000184   0x08000184   0x0000000a   Code   RO          554    .ARM.Collect$$_printf_percent$$00000007  c_w.l(_printf_ll.o)
    0x0800018e   0x0800018e   0x00000006   Code   RO          544    .ARM.Collect$$_printf_percent$$00000008  c_w.l(_printf_i.o)
    0x08000194   0x08000194   0x00000006   Code   RO          445    .ARM.Collect$$_printf_percent$$00000009  c_w.l(_printf_d.o)
    0x0800019a   0x0800019a   0x00000006   Code   RO          545    .ARM.Collect$$_printf_percent$$0000000A  c_w.l(_printf_u.o)
    0x080001a0   0x080001a0   0x00000006   Code   RO          543    .ARM.Collect$$_printf_percent$$0000000B  c_w.l(_printf_o.o)
    0x080001a6   0x080001a6   0x00000006   Code   RO          541    .ARM.Collect$$_printf_percent$$0000000C  c_w.l(_printf_x.o)
    0x080001ac   0x080001ac   0x00000006   Code   RO          551    .ARM.Collect$$_printf_percent$$0000000D  c_w.l(_printf_lli.o)
    0x080001b2   0x080001b2   0x00000006   Code   RO          552    .ARM.Collect$$_printf_percent$$0000000E  c_w.l(_printf_lld.o)
    0x080001b8   0x080001b8   0x00000006   Code   RO          553    .ARM.Collect$$_printf_percent$$0000000F  c_w.l(_printf_llu.o)
    0x080001be   0x080001be   0x00000006   Code   RO          558    .ARM.Collect$$_printf_percent$$00000010  c_w.l(_printf_llo.o)
    0x080001c4   0x080001c4   0x00000006   Code   RO          559    .ARM.Collect$$_printf_percent$$00000011  c_w.l(_printf_llx.o)
    0x080001ca   0x080001ca   0x0000000a   Code   RO          555    .ARM.Collect$$_printf_percent$$00000012  c_w.l(_printf_l.o)
    0x080001d4   0x080001d4   0x00000006   Code   RO          538    .ARM.Collect$$_printf_percent$$00000013  c_w.l(_printf_c.o)
    0x080001da   0x080001da   0x00000006   Code   RO          539    .ARM.Collect$$_printf_percent$$00000014  c_w.l(_printf_s.o)
    0x080001e0   0x080001e0   0x00000006   Code   RO          556    .ARM.Collect$$_printf_percent$$00000015  c_w.l(_printf_lc.o)
    0x080001e6   0x080001e6   0x00000006   Code   RO          557    .ARM.Collect$$_printf_percent$$00000016  c_w.l(_printf_ls.o)
    0x080001ec   0x080001ec   0x00000004   Code   RO          550    .ARM.Collect$$_printf_percent$$00000017  c_w.l(_printf_percent_end.o)
    0x080001f0   0x080001f0   0x00000002   Code   RO          703    .ARM.Collect$$libinit$$00000000  c_w.l(libinit.o)
    0x080001f2   0x080001f2   0x00000000   Code   RO          705    .ARM.Collect$$libinit$$00000002  c_w.l(libinit2.o)
    0x080001f2   0x080001f2   0x00000000   Code   RO          707    .ARM.Collect$$libinit$$00000004  c_w.l(libinit2.o)
    0x080001f2   0x080001f2   0x00000000   Code   RO          710    .ARM.Collect$$libinit$$0000000A  c_w.l(libinit2.o)
    0x080001f2   0x080001f2   0x00000000   Code   RO          712    .ARM.Collect$$libinit$$0000000C  c_w.l(libinit2.o)
    0x080001f2   0x080001f2   0x00000000   Code   RO          714    .ARM.Collect$$libinit$$0000000E  c_w.l(libinit2.o)
    0x080001f2   0x080001f2   0x00000006   Code   RO          715    .ARM.Collect$$libinit$$0000000F  c_w.l(libinit2.o)
    0x080001f8   0x080001f8   0x00000000   Code   RO          717    .ARM.Collect$$libinit$$00000011  c_w.l(libinit2.o)
    0x080001f8   0x080001f8   0x0000000c   Code   RO          718    .ARM.Collect$$libinit$$00000012  c_w.l(libinit2.o)
    0x08000204   0x08000204   0x00000000   Code   RO          719    .ARM.Collect$$libinit$$00000013  c_w.l(libinit2.o)
    0x08000204   0x08000204   0x00000000   Code   RO          721    .ARM.Collect$$libinit$$00000015  c_w.l(libinit2.o)
    0x08000204   0x08000204   0x0000000a   Code   RO          722    .ARM.Collect$$libinit$$00000016  c_w.l(libinit2.o)
    0x0800020e   0x0800020e   0x00000000   Code   RO          723    .ARM.Collect$$libinit$$00000017  c_w.l(libinit2.o)
    0x0800020e   0x0800020e   0x00000000   Code   RO          725    .ARM.Collect$$libinit$$00000019  c_w.l(libinit2.o)
    0x0800020e   0x0800020e   0x00000000   Code   RO          727    .ARM.Collect$$libinit$$0000001B  c_w.l(libinit2.o)
    0x0800020e   0x0800020e   0x00000000   Code   RO          729    .ARM.Collect$$libinit$$0000001D  c_w.l(libinit2.o)
    0x0800020e   0x0800020e   0x00000000   Code   RO          731    .ARM.Collect$$libinit$$0000001F  c_w.l(libinit2.o)
    0x0800020e   0x0800020e   0x00000000   Code   RO          733    .ARM.Collect$$libinit$$00000021  c_w.l(libinit2.o)
    0x0800020e   0x0800020e   0x00000000   Code   RO          735    .ARM.Collect$$libinit$$00000023  c_w.l(libinit2.o)
    0x0800020e   0x0800020e   0x00000000   Code   RO          737    .ARM.Collect$$libinit$$00000025  c_w.l(libinit2.o)
    0x0800020e   0x0800020e   0x00000000   Code   RO          741    .ARM.Collect$$libinit$$0000002C  c_w.l(libinit2.o)
    0x0800020e   0x0800020e   0x00000000   Code   RO          743    .ARM.Collect$$libinit$$0000002E  c_w.l(libinit2.o)
    0x0800020e   0x0800020e   0x00000000   Code   RO          745    .ARM.Collect$$libinit$$00000030  c_w.l(libinit2.o)
    0x0800020e   0x0800020e   0x00000000   Code   RO          747    .ARM.Collect$$libinit$$00000032  c_w.l(libinit2.o)
    0x0800020e   0x0800020e   0x00000002   Code   RO          748    .ARM.Collect$$libinit$$00000033  c_w.l(libinit2.o)
    0x08000210   0x08000210   0x00000002   Code   RO          830    .ARM.Collect$$libshutdown$$00000000  c_w.l(libshutdown.o)
    0x08000212   0x08000212   0x00000000   Code   RO          851    .ARM.Collect$$libshutdown$$00000002  c_w.l(libshutdown2.o)
    0x08000212   0x08000212   0x00000000   Code   RO          853    .ARM.Collect$$libshutdown$$00000004  c_w.l(libshutdown2.o)
    0x08000212   0x08000212   0x00000000   Code   RO          856    .ARM.Collect$$libshutdown$$00000007  c_w.l(libshutdown2.o)
    0x08000212   0x08000212   0x00000000   Code   RO          859    .ARM.Collect$$libshutdown$$0000000A  c_w.l(libshutdown2.o)
    0x08000212   0x08000212   0x00000000   Code   RO          861    .ARM.Collect$$libshutdown$$0000000C  c_w.l(libshutdown2.o)
    0x08000212   0x08000212   0x00000000   Code   RO          864    .ARM.Collect$$libshutdown$$0000000F  c_w.l(libshutdown2.o)
    0x08000212   0x08000212   0x00000002   Code   RO          865    .ARM.Collect$$libshutdown$$00000010  c_w.l(libshutdown2.o)
    0x08000214   0x08000214   0x00000000   Code   RO          489    .ARM.Collect$$rtentry$$00000000  c_w.l(__rtentry.o)
    0x08000214   0x08000214   0x00000000   Code   RO          588    .ARM.Collect$$rtentry$$00000002  c_w.l(__rtentry2.o)
    0x08000214   0x08000214   0x00000006   Code   RO          600    .ARM.Collect$$rtentry$$00000004  c_w.l(__rtentry4.o)
    0x0800021a   0x0800021a   0x00000000   Code   RO          590    .ARM.Collect$$rtentry$$00000009  c_w.l(__rtentry2.o)
    0x0800021a   0x0800021a   0x00000004   Code   RO          591    .ARM.Collect$$rtentry$$0000000A  c_w.l(__rtentry2.o)
    0x0800021e   0x0800021e   0x00000000   Code   RO          593    .ARM.Collect$$rtentry$$0000000C  c_w.l(__rtentry2.o)
    0x0800021e   0x0800021e   0x00000008   Code   RO          594    .ARM.Collect$$rtentry$$0000000D  c_w.l(__rtentry2.o)
    0x08000226   0x08000226   0x00000002   Code   RO          761    .ARM.Collect$$rtexit$$00000000  c_w.l(rtexit.o)
    0x08000228   0x08000228   0x00000000   Code   RO          793    .ARM.Collect$$rtexit$$00000002  c_w.l(rtexit2.o)
    0x08000228   0x08000228   0x00000004   Code   RO          794    .ARM.Collect$$rtexit$$00000003  c_w.l(rtexit2.o)
    0x0800022c   0x0800022c   0x00000006   Code   RO          795    .ARM.Collect$$rtexit$$00000004  c_w.l(rtexit2.o)
    0x08000232   0x08000232   0x00000002   PAD
    0x08000234   0x08000234   0x000007f8   Code   RO            1    .text               main.o
    0x08000a2c   0x08000a2c   0x00000018   Code   RO          100    .text               stm32f10x_it.o
    0x08000a44   0x08000a44   0x000001e0   Code   RO          115    .text               system_stm32f10x.o
    0x08000c24   0x08000c24   0x000000ac   Code   RO          133    .text               led.o
    0x08000cd0   0x08000cd0   0x00000238   Code   RO          168    .text               usart2.o
    0x08000f08   0x08000f08   0x00000068   Code   RO          198    .text               key.o
    0x08000f70   0x08000f70   0x00000110   Code   RO          210    .text               beep.o
    0x08001080   0x08001080   0x00000060   Code   RO          222    .text               fsr402.o
    0x080010e0   0x080010e0   0x000009f4   Code   RO          234    .text               oled.o
    0x08001ad4   0x08001ad4   0x0000019c   Code   RO          256    .text               dht11.o
    0x08001c70   0x08001c70   0x00000040   Code   RO          282    .text               startup_stm32f10x_md.o
    0x08001cb0   0x08001cb0   0x000000dc   Code   RO          286    .text               misc.o
    0x08001d8c   0x08001d8c   0x0000035c   Code   RO          298    .text               stm32f10x_gpio.o
    0x080020e8   0x080020e8   0x000003a4   Code   RO          310    .text               stm32f10x_rcc.o
    0x0800248c   0x0800248c   0x00000408   Code   RO          324    .text               stm32f10x_usart.o
    0x08002894   0x08002894   0x0000044e   Code   RO          336    .text               stm32f10x_adc.o
    0x08002ce2   0x08002ce2   0x00000002   PAD
    0x08002ce4   0x08002ce4   0x000000d4   Code   RO          348    .text               delay.o
    0x08002db8   0x08002db8   0x0000000c   Code   RO          362    .text               sys.o
    0x08002dc4   0x08002dc4   0x000001cc   Code   RO          374    .text               usart.o
    0x08002f90   0x08002f90   0x0000009c   Code   RO          397    .text               adcx.o
    0x0800302c   0x0800302c   0x00000002   Code   RO          411    .text               c_w.l(use_no_semi_2.o)
    0x0800302e   0x0800302e   0x00000002   PAD
    0x08003030   0x08003030   0x00000018   Code   RO          413    .text               c_w.l(printf.o)
    0x08003048   0x08003048   0x00000024   Code   RO          415    .text               c_w.l(vsprintf.o)
    0x0800306c   0x0800306c   0x00000018   Code   RO          417    .text               c_w.l(__2printf.o)
    0x08003084   0x08003084   0x00000078   Code   RO          423    .text               c_w.l(_printf_dec.o)
    0x080030fc   0x080030fc   0x00000188   Code   RO          442    .text               c_w.l(__printf_flags_ss_wp.o)
    0x08003284   0x08003284   0x0000003c   Code   RO          447    .text               c_w.l(__0sscanf.o)
    0x080032c0   0x080032c0   0x00000024   Code   RO          449    .text               c_w.l(strstr.o)
    0x080032e4   0x080032e4   0x0000008a   Code   RO          451    .text               c_w.l(rt_memcpy_v6.o)
    0x0800336e   0x0800336e   0x00000044   Code   RO          453    .text               c_w.l(rt_memclr.o)
    0x080033b2   0x080033b2   0x00000002   PAD
    0x080033b4   0x080033b4   0x00000080   Code   RO          455    .text               c_w.l(strcmpv7m.o)
    0x08003434   0x08003434   0x00000006   Code   RO          457    .text               c_w.l(heapauxi.o)
    0x0800343a   0x0800343a   0x00000002   Code   RO          487    .text               c_w.l(use_no_semi.o)
    0x0800343c   0x0800343c   0x0000004e   Code   RO          490    .text               c_w.l(_printf_pad.o)
    0x0800348a   0x0800348a   0x00000024   Code   RO          492    .text               c_w.l(_printf_truncate.o)
    0x080034ae   0x080034ae   0x00000052   Code   RO          494    .text               c_w.l(_printf_str.o)
    0x08003500   0x08003500   0x000000b2   Code   RO          496    .text               c_w.l(_printf_intcommon.o)
    0x080035b2   0x080035b2   0x00000028   Code   RO          498    .text               c_w.l(_printf_charcount.o)
    0x080035da   0x080035da   0x00000002   PAD
    0x080035dc   0x080035dc   0x00000030   Code   RO          500    .text               c_w.l(_printf_char_common.o)
    0x0800360c   0x0800360c   0x0000000a   Code   RO          502    .text               c_w.l(_sputc.o)
    0x08003616   0x08003616   0x00000002   PAD
    0x08003618   0x08003618   0x00000024   Code   RO          504    .text               c_w.l(_printf_char_file.o)
    0x0800363c   0x0800363c   0x000000bc   Code   RO          506    .text               c_w.l(_printf_wctomb.o)
    0x080036f8   0x080036f8   0x0000007c   Code   RO          509    .text               c_w.l(_printf_longlong_dec.o)
    0x08003774   0x08003774   0x00000070   Code   RO          515    .text               c_w.l(_printf_oct_int_ll.o)
    0x080037e4   0x080037e4   0x00000094   Code   RO          535    .text               c_w.l(_printf_hex_int_ll_ptr.o)
    0x08003878   0x08003878   0x000004f8   Code   RO          560    .text               c_w.l(scanf_fp.o)
    0x08003d70   0x08003d70   0x0000002c   Code   RO          562    .text               c_w.l(scanf_char.o)
    0x08003d9c   0x08003d9c   0x00000040   Code   RO          564    .text               c_w.l(_sgetc.o)
    0x08003ddc   0x08003ddc   0x00000064   Code   RO          566    .text               c_w.l(rt_memcpy_w.o)
    0x08003e40   0x08003e40   0x0000004e   Code   RO          568    .text               c_w.l(rt_memclr_w.o)
    0x08003e8e   0x08003e8e   0x00000002   PAD
    0x08003e90   0x08003e90   0x00000008   Code   RO          605    .text               c_w.l(rt_locale_intlibspace.o)
    0x08003e98   0x08003e98   0x00000008   Code   RO          610    .text               c_w.l(rt_errno_addr_intlibspace.o)
    0x08003ea0   0x08003ea0   0x0000008a   Code   RO          612    .text               c_w.l(lludiv10.o)
    0x08003f2a   0x08003f2a   0x00000012   Code   RO          614    .text               c_w.l(isspace.o)
    0x08003f3c   0x08003f3c   0x0000041e   Code   RO          616    .text               c_w.l(_printf_fp_dec.o)
    0x0800435a   0x0800435a   0x00000002   PAD
    0x0800435c   0x0800435c   0x000002fc   Code   RO          618    .text               c_w.l(_printf_fp_hex.o)
    0x08004658   0x08004658   0x0000002c   Code   RO          623    .text               c_w.l(_printf_char.o)
    0x08004684   0x08004684   0x0000002c   Code   RO          625    .text               c_w.l(_printf_wchar.o)
    0x080046b0   0x080046b0   0x00000374   Code   RO          627    .text               c_w.l(_scanf.o)
    0x08004a24   0x08004a24   0x000000e4   Code   RO          629    .text               c_w.l(bigflt0.o)
    0x08004b08   0x08004b08   0x00000008   Code   RO          654    .text               c_w.l(ferror.o)
    0x08004b10   0x08004b10   0x00000040   Code   RO          658    .text               c_w.l(_wcrtomb.o)
    0x08004b50   0x08004b50   0x00000008   Code   RO          681    .text               c_w.l(libspace.o)
    0x08004b58   0x08004b58   0x0000004a   Code   RO          684    .text               c_w.l(sys_stackheap_outer.o)
    0x08004ba2   0x08004ba2   0x00000002   PAD
    0x08004ba4   0x08004ba4   0x00000010   Code   RO          686    .text               c_w.l(rt_ctype_table.o)
    0x08004bb4   0x08004bb4   0x00000016   Code   RO          688    .text               c_w.l(_rserrno.o)
    0x08004bca   0x08004bca   0x00000002   PAD
    0x08004bcc   0x08004bcc   0x00000080   Code   RO          690    .text               c_w.l(_printf_fp_infnan.o)
    0x08004c4c   0x08004c4c   0x00000320   Code   RO          692    .text               c_w.l(scanf_hexfp.o)
    0x08004f6c   0x08004f6c   0x00000134   Code   RO          694    .text               c_w.l(scanf_infnan.o)
    0x080050a0   0x080050a0   0x00000012   Code   RO          696    .text               c_w.l(exit.o)
    0x080050b2   0x080050b2   0x00000026   Code   RO          763    .text               c_w.l(llshl.o)
    0x080050d8   0x080050d8   0x0000001c   Code   RO          765    .text               c_w.l(_chval.o)
    0x080050f4   0x080050f4   0x0000003e   Code   RO          632    CL$$btod_d2e        c_w.l(btod.o)
    0x08005132   0x08005132   0x00000046   Code   RO          634    CL$$btod_d2e_denorm_low  c_w.l(btod.o)
    0x08005178   0x08005178   0x00000060   Code   RO          633    CL$$btod_d2e_norm_op1  c_w.l(btod.o)
    0x080051d8   0x080051d8   0x00000338   Code   RO          642    CL$$btod_div_common  c_w.l(btod.o)
    0x08005510   0x08005510   0x00000084   Code   RO          640    CL$$btod_e2d        c_w.l(btod.o)
    0x08005594   0x08005594   0x000000dc   Code   RO          639    CL$$btod_e2e        c_w.l(btod.o)
    0x08005670   0x08005670   0x0000002a   Code   RO          636    CL$$btod_ediv       c_w.l(btod.o)
    0x0800569a   0x0800569a   0x0000002a   Code   RO          638    CL$$btod_edivd      c_w.l(btod.o)
    0x080056c4   0x080056c4   0x0000002a   Code   RO          635    CL$$btod_emul       c_w.l(btod.o)
    0x080056ee   0x080056ee   0x0000002a   Code   RO          637    CL$$btod_emuld      c_w.l(btod.o)
    0x08005718   0x08005718   0x00000244   Code   RO          641    CL$$btod_mult_common  c_w.l(btod.o)
    0x0800595c   0x0800595c   0x00000028   Code   RO          755    i.__ARM_fpclassify  m_ws.l(fpclassify.o)
    0x08005984   0x08005984   0x0000000e   Code   RO          809    i.__mathlib_dbl_overflow  m_ws.l(dunder.o)
    0x08005992   0x08005992   0x00000002   PAD
    0x08005994   0x08005994   0x00000010   Code   RO          811    i.__mathlib_dbl_underflow  m_ws.l(dunder.o)
    0x080059a4   0x080059a4   0x00000010   Code   RO          675    i.__mathlib_narrow  m_ws.l(narrow.o)
    0x080059b4   0x080059b4   0x000000bc   Code   RO          676    i.__mathlib_tofloat  m_ws.l(narrow.o)
    0x08005a70   0x08005a70   0x00000016   Code   RO          781    i.__support_ldexp   m_ws.l(ldexp.o)
    0x08005a86   0x08005a86   0x0000000e   Code   RO          435    i._is_digit         c_w.l(__printf_wp.o)
    0x08005a94   0x08005a94   0x00000058   Code   RO          758    i.frexp             m_ws.l(frexp.o)
    0x08005aec   0x08005aec   0x00000074   Code   RO          782    i.ldexp             m_ws.l(ldexp.o)
    0x08005b60   0x08005b60   0x0000002c   Code   RO          661    locale$$code        c_w.l(lc_numeric_c.o)
    0x08005b8c   0x08005b8c   0x0000002c   Code   RO          768    locale$$code        c_w.l(lc_ctype_c.o)
    0x08005bb8   0x08005bb8   0x00000062   Code   RO          749    x$fpl$d2f           fz_ws.l(d2f.o)
    0x08005c1a   0x08005c1a   0x00000002   PAD
    0x08005c1c   0x08005c1c   0x00000010   Code   RO          803    x$fpl$dcheck1       fz_ws.l(dcheck1.o)
    0x08005c2c   0x08005c2c   0x00000018   Code   RO          772    x$fpl$dcmpinf       fz_ws.l(dcmpi.o)
    0x08005c44   0x08005c44   0x00000078   Code   RO          751    x$fpl$deqf          fz_ws.l(deqf.o)
    0x08005cbc   0x08005cbc   0x0000005e   Code   RO          461    x$fpl$dfix          fz_ws.l(dfix.o)
    0x08005d1a   0x08005d1a   0x00000002   PAD
    0x08005d1c   0x08005d1c   0x00000078   Code   RO          774    x$fpl$dleqf         fz_ws.l(dleqf.o)
    0x08005d94   0x08005d94   0x00000154   Code   RO          465    x$fpl$dmul          fz_ws.l(dmul.o)
    0x08005ee8   0x08005ee8   0x0000009c   Code   RO          570    x$fpl$dnaninf       fz_ws.l(dnaninf.o)
    0x08005f84   0x08005f84   0x0000000c   Code   RO          572    x$fpl$dretinf       fz_ws.l(dretinf.o)
    0x08005f90   0x08005f90   0x0000006c   Code   RO          753    x$fpl$drleqf        fz_ws.l(drleqf.o)
    0x08005ffc   0x08005ffc   0x00000056   Code   RO          467    x$fpl$f2d           fz_ws.l(f2d.o)
    0x08006052   0x08006052   0x00000002   PAD
    0x08006054   0x08006054   0x000000c4   Code   RO          469    x$fpl$fadd          fz_ws.l(faddsub_clz.o)
    0x08006118   0x08006118   0x00000036   Code   RO          475    x$fpl$ffix          fz_ws.l(ffix.o)
    0x0800614e   0x0800614e   0x00000002   PAD
    0x08006150   0x08006150   0x00000030   Code   RO          480    x$fpl$fflt          fz_ws.l(fflt_clz.o)
    0x08006180   0x08006180   0x0000008c   Code   RO          574    x$fpl$fnaninf       fz_ws.l(fnaninf.o)
    0x0800620c   0x0800620c   0x0000000a   Code   RO          576    x$fpl$fretinf       fz_ws.l(fretinf.o)
    0x08006216   0x08006216   0x00000014   Code   RO          470    x$fpl$frsb          fz_ws.l(faddsub_clz.o)
    0x0800622a   0x0800622a   0x00000002   PAD
    0x0800622c   0x0800622c   0x000000ea   Code   RO          471    x$fpl$fsub          fz_ws.l(faddsub_clz.o)
    0x08006316   0x08006316   0x00000006   Code   RO          667    x$fpl$ieeestatus    fz_ws.l(istatus.o)
    0x0800631c   0x0800631c   0x00000004   Code   RO          578    x$fpl$printf1       fz_ws.l(printf1.o)
    0x08006320   0x08006320   0x00000004   Code   RO          580    x$fpl$printf2       fz_ws.l(printf2.o)
    0x08006324   0x08006324   0x00000064   Code   RO          841    x$fpl$retnan        fz_ws.l(retnan.o)
    0x08006388   0x08006388   0x0000005c   Code   RO          778    x$fpl$scalbn        fz_ws.l(scalbn.o)
    0x080063e4   0x080063e4   0x00000004   Code   RO          485    x$fpl$scanf1        fz_ws.l(scanf1.o)
    0x080063e8   0x080063e8   0x00000008   Code   RO          669    x$fpl$scanf2        fz_ws.l(scanf2.o)
    0x080063f0   0x080063f0   0x00000030   Code   RO          866    x$fpl$trapveneer    fz_ws.l(trapv.o)
    0x08006420   0x08006420   0x00000000   Code   RO          586    x$fpl$usenofp       fz_ws.l(usenofp.o)
    0x08006420   0x08006420   0x00001e30   Data   RO          236    .constdata          oled.o
    0x08008250   0x08008250   0x00000011   Data   RO          443    .constdata          c_w.l(__printf_flags_ss_wp.o)
    0x08008261   0x08008261   0x00000003   PAD
    0x08008264   0x08008264   0x00000008   Data   RO          507    .constdata          c_w.l(_printf_wctomb.o)
    0x0800826c   0x0800826c   0x00000028   Data   RO          536    .constdata          c_w.l(_printf_hex_int_ll_ptr.o)
    0x08008294   0x08008294   0x00000026   Data   RO          619    .constdata          c_w.l(_printf_fp_hex.o)
    0x080082ba   0x080082ba   0x00000002   PAD
    0x080082bc   0x080082bc   0x00000094   Data   RO          630    .constdata          c_w.l(bigflt0.o)
    0x08008350   0x08008350   0x000000e0   Data   RO            3    .conststring        main.o
    0x08008430   0x08008430   0x00000020   Data   RO          892    Region$$Table       anon$$obj.o
    0x08008450   0x08008450   0x00000008   Data   RO          663    c$$dinf             fz_ws.l(fpconst.o)
    0x08008458   0x08008458   0x00000008   Data   RO          666    c$$dmax             fz_ws.l(fpconst.o)
    0x08008460   0x08008460   0x0000001c   Data   RO          660    locale$$data        c_w.l(lc_numeric_c.o)
    0x0800847c   0x0800847c   0x00000110   Data   RO          767    locale$$data        c_w.l(lc_ctype_c.o)


    Execution Region RW_IRAM1 (Exec base: 0x20000000, Load base: 0x0800858c, Size: 0x00000ce0, Max: 0x00005000, ABSOLUTE)

    Exec Addr    Load Addr    Size         Type   Attr      Idx    E Section Name        Object

    0x20000000   0x0800858c   0x0000001d   Data   RW            4    .data               main.o
    0x2000001d   0x080085a9   0x00000003   PAD
    0x20000020   0x080085ac   0x00000014   Data   RW          116    .data               system_stm32f10x.o
    0x20000034   0x080085c0   0x00000014   Data   RW          311    .data               stm32f10x_rcc.o
    0x20000048   0x080085d4   0x00000004   Data   RW          349    .data               delay.o
    0x2000004c   0x080085d8   0x0000000a   Data   RW          376    .data               usart.o
    0x20000056   0x080085e2   0x00000002   PAD
    0x20000058        -       0x00000064   Zero   RW            2    .bss                main.o
    0x200000bc        -       0x00000480   Zero   RW          235    .bss                oled.o
    0x2000053c        -       0x00000141   Zero   RW          375    .bss                usart.o
    0x2000067d   0x080085e2   0x00000003   PAD
    0x20000680        -       0x00000060   Zero   RW          682    .bss                c_w.l(libspace.o)
    0x200006e0        -       0x00000200   Zero   RW          280    HEAP                startup_stm32f10x_md.o
    0x200008e0        -       0x00000400   Zero   RW          279    STACK               startup_stm32f10x_md.o


==============================================================================

Image component sizes


      Code (inc. data)   RO Data    RW Data    ZI Data      Debug   Object Name

       156          4          0          0          0        885   adcx.o
       272          4          0          0          0        840   beep.o
         0          0          0          0          0         32   core_cm3.o
       212         18          0          4          0       1155   delay.o
       412         12          0          0          0       2238   dht11.o
        96          4          0          0          0        961   fsr402.o
       104          4          0          0          0        726   key.o
       172         10          0          0          0     214128   led.o
      2040        692        224         29        100     232903   main.o
       220         22          0          0          0       1897   misc.o
      2548         52       7728          0       1152       9543   oled.o
        64         26        236          0       1536        828   startup_stm32f10x_md.o
      1102         26          0          0          0      11141   stm32f10x_adc.o
       860         38          0          0          0       5829   stm32f10x_gpio.o
        24          0          0          0          0       1150   stm32f10x_it.o
       932         36          0         20          0       9064   stm32f10x_rcc.o
      1032         22          0          0          0       8556   stm32f10x_usart.o
        12          0          0          0          0        509   sys.o
       480         38          0         20          0       1911   system_stm32f10x.o
       460         20          0         10        321       4754   usart.o
       568         28          0          0          0      19059   usart2.o

    ----------------------------------------------------------------------
     11768       1056       8220         88       3112     528109   Object Totals
         0          0         32          0          0          0   (incl. Generated)
         2          0          0          5          3          0   (incl. Padding)

    ----------------------------------------------------------------------

      Code (inc. data)   RO Data    RW Data    ZI Data      Debug   Library Member Name

        60          8          0          0          0         84   __0sscanf.o
        24          4          0          0          0         84   __2printf.o
         8          0          0          0          0         68   __main.o
       392          4         17          0          0         92   __printf_flags_ss_wp.o
        14          0          0          0          0         68   __printf_wp.o
         0          0          0          0          0          0   __rtentry.o
        12          0          0          0          0          0   __rtentry2.o
         6          0          0          0          0          0   __rtentry4.o
        52          8          0          0          0          0   __scatter.o
        26          0          0          0          0          0   __scatter_copy.o
        28          0          0          0          0          0   __scatter_zi.o
        28          0          0          0          0         68   _chval.o
         6          0          0          0          0          0   _printf_a.o
         6          0          0          0          0          0   _printf_c.o
        44          0          0          0          0        108   _printf_char.o
        48          6          0          0          0         96   _printf_char_common.o
        36          4          0          0          0         80   _printf_char_file.o
        40          0          0          0          0         68   _printf_charcount.o
         6          0          0          0          0          0   _printf_d.o
       120         16          0          0          0         92   _printf_dec.o
         6          0          0          0          0          0   _printf_e.o
         6          0          0          0          0          0   _printf_f.o
      1054          0          0          0          0        216   _printf_fp_dec.o
       764          8         38          0          0        100   _printf_fp_hex.o
       128         16          0          0          0         84   _printf_fp_infnan.o
         6          0          0          0          0          0   _printf_g.o
       148          4         40          0          0        160   _printf_hex_int_ll_ptr.o
         6          0          0          0          0          0   _printf_i.o
       178          0          0          0          0         88   _printf_intcommon.o
        10          0          0          0          0          0   _printf_l.o
         6          0          0          0          0          0   _printf_lc.o
        10          0          0          0          0          0   _printf_ll.o
         6          0          0          0          0          0   _printf_lld.o
         6          0          0          0          0          0   _printf_lli.o
         6          0          0          0          0          0   _printf_llo.o
         6          0          0          0          0          0   _printf_llu.o
         6          0          0          0          0          0   _printf_llx.o
       124         16          0          0          0         92   _printf_longlong_dec.o
         6          0          0          0          0          0   _printf_ls.o
         6          0          0          0          0          0   _printf_n.o
         6          0          0          0          0          0   _printf_o.o
       112         10          0          0          0        124   _printf_oct_int_ll.o
         6          0          0          0          0          0   _printf_p.o
        78          0          0          0          0        108   _printf_pad.o
         0          0          0          0          0          0   _printf_percent.o
         4          0          0          0          0          0   _printf_percent_end.o
         6          0          0          0          0          0   _printf_s.o
        82          0          0          0          0         80   _printf_str.o
        36          0          0          0          0         84   _printf_truncate.o
         6          0          0          0          0          0   _printf_u.o
        44          0          0          0          0        108   _printf_wchar.o
       188          6          8          0          0         92   _printf_wctomb.o
         6          0          0          0          0          0   _printf_x.o
        22          0          0          0          0        100   _rserrno.o
       884          6          0          0          0        100   _scanf.o
        64          0          0          0          0         84   _sgetc.o
        10          0          0          0          0         68   _sputc.o
        64          0          0          0          0         92   _wcrtomb.o
       228          4        148          0          0         96   bigflt0.o
      2152        136          0          0          0        960   btod.o
        18          0          0          0          0         80   exit.o
         8          0          0          0          0         68   ferror.o
         6          0          0          0          0        152   heapauxi.o
        18          0          0          0          0         76   isspace.o
        44         10        272          0          0         76   lc_ctype_c.o
        44         10         28          0          0         76   lc_numeric_c.o
         2          0          0          0          0          0   libinit.o
        30          0          0          0          0          0   libinit2.o
         2          0          0          0          0          0   libshutdown.o
         2          0          0          0          0          0   libshutdown2.o
         8          4          0          0         96         68   libspace.o
        38          0          0          0          0         68   llshl.o
       138          0          0          0          0         80   lludiv10.o
        24          4          0          0          0         84   printf.o
        16          4          0          0          0         76   rt_ctype_table.o
         8          4          0          0          0         68   rt_errno_addr_intlibspace.o
         8          4          0          0          0         68   rt_locale_intlibspace.o
        68          0          0          0          0         68   rt_memclr.o
        78          0          0          0          0         80   rt_memclr_w.o
       138          0          0          0          0         68   rt_memcpy_v6.o
       100          0          0          0          0         80   rt_memcpy_w.o
         2          0          0          0          0          0   rtexit.o
        10          0          0          0          0          0   rtexit2.o
        44          8          0          0          0         84   scanf_char.o
      1272         16          0          0          0        168   scanf_fp.o
       800         14          0          0          0        100   scanf_hexfp.o
       308         16          0          0          0        100   scanf_infnan.o
       128          0          0          0          0         68   strcmpv7m.o
        36          0          0          0          0         80   strstr.o
        74          0          0          0          0         80   sys_stackheap_outer.o
         2          0          0          0          0         68   use_no_semi.o
         2          0          0          0          0         68   use_no_semi_2.o
        36          4          0          0          0         76   vsprintf.o
        98          4          0          0          0         92   d2f.o
        16          4          0          0          0         68   dcheck1.o
        24          0          0          0          0         68   dcmpi.o
       120          4          0          0          0         92   deqf.o
        94          4          0          0          0         92   dfix.o
       120          4          0          0          0         92   dleqf.o
       340         12          0          0          0        104   dmul.o
       156          4          0          0          0         92   dnaninf.o
        12          0          0          0          0         68   dretinf.o
       108          0          0          0          0         80   drleqf.o
        86          4          0          0          0         84   f2d.o
       450          8          0          0          0        236   faddsub_clz.o
        54          4          0          0          0         84   ffix.o
        48          0          0          0          0         68   fflt_clz.o
       140          4          0          0          0         84   fnaninf.o
         0          0         16          0          0          0   fpconst.o
        10          0          0          0          0         68   fretinf.o
         6          0          0          0          0         68   istatus.o
         4          0          0          0          0         68   printf1.o
         4          0          0          0          0         68   printf2.o
       100          0          0          0          0         68   retnan.o
        92          0          0          0          0         68   scalbn.o
         4          0          0          0          0         68   scanf1.o
         8          0          0          0          0         84   scanf2.o
        48          0          0          0          0         68   trapv.o
         0          0          0          0          0          0   usenofp.o
        30          6          0          0          0        136   dunder.o
        40          0          0          0          0         68   fpclassify.o
        88          8          0          0          0         76   frexp.o
       138          0          0          0          0        160   ldexp.o
       204          4          0          0          0        168   narrow.o

    ----------------------------------------------------------------------
     13628        428        572          0         96       8612   Library Totals
        32          0          5          0          0          0   (incl. Padding)

    ----------------------------------------------------------------------

      Code (inc. data)   RO Data    RW Data    ZI Data      Debug   Library Name

     10954        354        551          0         96       5972   c_w.l
      2142         56         16          0          0       2032   fz_ws.l
       500         18          0          0          0        608   m_ws.l

    ----------------------------------------------------------------------
     13628        428        572          0         96       8612   Library Totals

    ----------------------------------------------------------------------

==============================================================================


      Code (inc. data)   RO Data    RW Data    ZI Data      Debug   

     25396       1484       8792         88       3208     530217   Grand Totals
     25396       1484       8792         88       3208     530217   ELF Image Totals
     25396       1484       8792         88          0          0   ROM Totals

==============================================================================

    Total RO  Size (Code + RO Data)                34188 (  33.39kB)
    Total RW  Size (RW Data + ZI Data)              3296 (   3.22kB)
    Total ROM Size (Code + RO Data + RW Data)      34276 (  33.47kB)

==============================================================================

